Component: Arm Compiler for Embedded 6.19 Tool: armlink [5e73cb00]

==============================================================================

Section Cross References

    misc.o(.ARM.exidx.text.NVIC_PriorityGroupConfig) refers to misc.o(.text.NVIC_PriorityGroupConfig) for [Anonymous Symbol]
    misc.o(.ARM.exidx.text.NVIC_Init) refers to misc.o(.text.NVIC_Init) for [Anonymous Symbol]
    misc.o(.ARM.exidx.text.NVIC_SetVectorTable) refers to misc.o(.text.NVIC_SetVectorTable) for [Anonymous Symbol]
    misc.o(.ARM.exidx.text.NVIC_SystemLPConfig) refers to misc.o(.text.NVIC_SystemLPConfig) for [Anonymous Symbol]
    misc.o(.ARM.exidx.text.SysTick_CLKSourceConfig) refers to misc.o(.text.SysTick_CLKSourceConfig) for [Anonymous Symbol]
    stm32f10x_adc.o(.text.ADC_DeInit) refers to stm32f10x_rcc.o(.text.RCC_APB2PeriphResetCmd) for RCC_APB2PeriphResetCmd
    stm32f10x_adc.o(.ARM.exidx.text.ADC_DeInit) refers to stm32f10x_adc.o(.text.ADC_DeInit) for [Anonymous Symbol]
    stm32f10x_adc.o(.ARM.exidx.text.ADC_Init) refers to stm32f10x_adc.o(.text.ADC_Init) for [Anonymous Symbol]
    stm32f10x_adc.o(.ARM.exidx.text.ADC_StructInit) refers to stm32f10x_adc.o(.text.ADC_StructInit) for [Anonymous Symbol]
    stm32f10x_adc.o(.ARM.exidx.text.ADC_Cmd) refers to stm32f10x_adc.o(.text.ADC_Cmd) for [Anonymous Symbol]
    stm32f10x_adc.o(.ARM.exidx.text.ADC_DMACmd) refers to stm32f10x_adc.o(.text.ADC_DMACmd) for [Anonymous Symbol]
    stm32f10x_adc.o(.ARM.exidx.text.ADC_ITConfig) refers to stm32f10x_adc.o(.text.ADC_ITConfig) for [Anonymous Symbol]
    stm32f10x_adc.o(.ARM.exidx.text.ADC_ResetCalibration) refers to stm32f10x_adc.o(.text.ADC_ResetCalibration) for [Anonymous Symbol]
    stm32f10x_adc.o(.ARM.exidx.text.ADC_GetResetCalibrationStatus) refers to stm32f10x_adc.o(.text.ADC_GetResetCalibrationStatus) for [Anonymous Symbol]
    stm32f10x_adc.o(.ARM.exidx.text.ADC_StartCalibration) refers to stm32f10x_adc.o(.text.ADC_StartCalibration) for [Anonymous Symbol]
    stm32f10x_adc.o(.ARM.exidx.text.ADC_GetCalibrationStatus) refers to stm32f10x_adc.o(.text.ADC_GetCalibrationStatus) for [Anonymous Symbol]
    stm32f10x_adc.o(.ARM.exidx.text.ADC_SoftwareStartConvCmd) refers to stm32f10x_adc.o(.text.ADC_SoftwareStartConvCmd) for [Anonymous Symbol]
    stm32f10x_adc.o(.ARM.exidx.text.ADC_GetSoftwareStartConvStatus) refers to stm32f10x_adc.o(.text.ADC_GetSoftwareStartConvStatus) for [Anonymous Symbol]
    stm32f10x_adc.o(.ARM.exidx.text.ADC_DiscModeChannelCountConfig) refers to stm32f10x_adc.o(.text.ADC_DiscModeChannelCountConfig) for [Anonymous Symbol]
    stm32f10x_adc.o(.ARM.exidx.text.ADC_DiscModeCmd) refers to stm32f10x_adc.o(.text.ADC_DiscModeCmd) for [Anonymous Symbol]
    stm32f10x_adc.o(.ARM.exidx.text.ADC_RegularChannelConfig) refers to stm32f10x_adc.o(.text.ADC_RegularChannelConfig) for [Anonymous Symbol]
    stm32f10x_adc.o(.ARM.exidx.text.ADC_ExternalTrigConvCmd) refers to stm32f10x_adc.o(.text.ADC_ExternalTrigConvCmd) for [Anonymous Symbol]
    stm32f10x_adc.o(.ARM.exidx.text.ADC_GetConversionValue) refers to stm32f10x_adc.o(.text.ADC_GetConversionValue) for [Anonymous Symbol]
    stm32f10x_adc.o(.ARM.exidx.text.ADC_GetDualModeConversionValue) refers to stm32f10x_adc.o(.text.ADC_GetDualModeConversionValue) for [Anonymous Symbol]
    stm32f10x_adc.o(.ARM.exidx.text.ADC_AutoInjectedConvCmd) refers to stm32f10x_adc.o(.text.ADC_AutoInjectedConvCmd) for [Anonymous Symbol]
    stm32f10x_adc.o(.ARM.exidx.text.ADC_InjectedDiscModeCmd) refers to stm32f10x_adc.o(.text.ADC_InjectedDiscModeCmd) for [Anonymous Symbol]
    stm32f10x_adc.o(.ARM.exidx.text.ADC_ExternalTrigInjectedConvConfig) refers to stm32f10x_adc.o(.text.ADC_ExternalTrigInjectedConvConfig) for [Anonymous Symbol]
    stm32f10x_adc.o(.ARM.exidx.text.ADC_ExternalTrigInjectedConvCmd) refers to stm32f10x_adc.o(.text.ADC_ExternalTrigInjectedConvCmd) for [Anonymous Symbol]
    stm32f10x_adc.o(.ARM.exidx.text.ADC_SoftwareStartInjectedConvCmd) refers to stm32f10x_adc.o(.text.ADC_SoftwareStartInjectedConvCmd) for [Anonymous Symbol]
    stm32f10x_adc.o(.ARM.exidx.text.ADC_GetSoftwareStartInjectedConvCmdStatus) refers to stm32f10x_adc.o(.text.ADC_GetSoftwareStartInjectedConvCmdStatus) for [Anonymous Symbol]
    stm32f10x_adc.o(.ARM.exidx.text.ADC_InjectedChannelConfig) refers to stm32f10x_adc.o(.text.ADC_InjectedChannelConfig) for [Anonymous Symbol]
    stm32f10x_adc.o(.ARM.exidx.text.ADC_InjectedSequencerLengthConfig) refers to stm32f10x_adc.o(.text.ADC_InjectedSequencerLengthConfig) for [Anonymous Symbol]
    stm32f10x_adc.o(.ARM.exidx.text.ADC_SetInjectedOffset) refers to stm32f10x_adc.o(.text.ADC_SetInjectedOffset) for [Anonymous Symbol]
    stm32f10x_adc.o(.ARM.exidx.text.ADC_GetInjectedConversionValue) refers to stm32f10x_adc.o(.text.ADC_GetInjectedConversionValue) for [Anonymous Symbol]
    stm32f10x_adc.o(.ARM.exidx.text.ADC_AnalogWatchdogCmd) refers to stm32f10x_adc.o(.text.ADC_AnalogWatchdogCmd) for [Anonymous Symbol]
[...]
    .ARM.Collect$$$$0000000F                 0x080000fc   Section        0  entry11a.o(.ARM.Collect$$$$0000000F)
    .ARM.Collect$$$$00002712                 0x080000fc   Section        4  entry2.o(.ARM.Collect$$$$00002712)
    .text                                    0x08000100   Section       36  startup_stm32f10x_md.o(.text)
    .text                                    0x08000124   Section        0  sscanf.o(.text)
    .text                                    0x0800015c   Section        0  fmul.o(.text)
    .text                                    0x080001c0   Section        0  fdiv.o(.text)
    .text                                    0x0800023c   Section        0  fcmplt.o(.text)
    .text                                    0x08000258   Section        0  fcmpge.o(.text)
    .text                                    0x08000274   Section        0  fflti.o(.text)
    .text                                    0x08000286   Section        0  ffltui.o(.text)
    .text                                    0x08000290   Section        0  ffixi.o(.text)
    .text                                    0x080002c2   Section        0  f2d.o(.text)
    .text                                    0x080002e8   Section        0  uidiv.o(.text)
    .text                                    0x08000314   Section        0  uldiv.o(.text)
    .text                                    0x08000376   Section        0  _scanf_longlong.o(.text)
    .text                                    0x080004cc   Section        0  _scanf_int.o(.text)
    .text                                    0x08000618   Section        0  _scanf_str.o(.text)
    _fp_value                                0x080006f9   Thumb Code   296  scanf_fp.o(.text)
    .text                                    0x080006f8   Section        0  scanf_fp.o(.text)
    _scanf_char_input                        0x08000a59   Thumb Code    12  scanf_char.o(.text)
    .text                                    0x08000a58   Section        0  scanf_char.o(.text)
    .text                                    0x08000a80   Section        0  _sgetc.o(.text)
    .text                                    0x08000ac0   Section        0  iusefp.o(.text)
    .text                                    0x08000ac0   Section        0  fepilogue.o(.text)
    .text                                    0x08000b2e   Section        0  dadd.o(.text)
    .text                                    0x08000c7c   Section        0  dmul.o(.text)
    .text                                    0x08000d60   Section        0  ddiv.o(.text)
    .text                                    0x08000e3e   Section        0  dfixul.o(.text)
    .text                                    0x08000e70   Section       48  cdrcmple.o(.text)
    .text                                    0x08000ea0   Section       36  init.o(.text)
    .text                                    0x08000ec4   Section        0  llshl.o(.text)
    .text                                    0x08000ee2   Section        0  llushr.o(.text)
    .text                                    0x08000f02   Section        0  llsshr.o(.text)
    .text                                    0x08000f26   Section        0  isspace_c.o(.text)
    .text                                    0x08000f30   Section        0  _chval.o(.text)
    .text                                    0x08000f4c   Section        0  _scanf.o(.text)
    .text                                    0x08001278   Section        0  depilogue.o(.text)
    .text                                    0x08001332   Section        0  dfltul.o(.text)
    .text                                    0x0800134a   Section        0  d2f.o(.text)
    .text                                    0x08001384   Section        0  ctype_c.o(.text)
    [Anonymous Symbol]                       0x080013ac   Section        0  stm32f10x_bkp.o(.text.BKP_DeInit)
    [Anonymous Symbol]                       0x080013bc   Section        0  stm32f10x_bkp.o(.text.BKP_ReadBackupRegister)
    [Anonymous Symbol]                       0x080013e4   Section        0  stm32f10x_bkp.o(.text.BKP_WriteBackupRegister)
    [Anonymous Symbol]                       0x08001414   Section        0  stm32f10x_it.o(.text.BusFault_Handler)
    Column_Set_HV                            0x08001419   Thumb Code    66  ssd1306.o(.text.Column_Set_HV)
    [Anonymous Symbol]                       0x08001418   Section        0  ssd1306.o(.text.Column_Set_HV)
    [Anonymous Symbol]                       0x0800145c   Section        0  stm32f10x_dma.o(.text.DMA_Cmd)
    [Anonymous Symbol]                       0x0800148c   Section        0  stm32f10x_dma.o(.text.DMA_GetCurrDataCounter)
    [Anonymous Symbol]                       0x0800149c   Section        0  stm32f10x_dma.o(.text.DMA_Init)
    [Anonymous Symbol]                       0x08001508   Section        0  stm32f10x_dma.o(.text.DMA_SetCurrDataCounter)
    [Anonymous Symbol]                       0x0800151c   Section        0  schedule.o(.text.DUTY_100MS)
    [Anonymous Symbol]                       0x0800155c   Section        0  schedule.o(.text.DUTY_10MS)
    [Anonymous Symbol]                       0x08001594   Section        0  schedule.o(.text.DUTY_1S)
    [Anonymous Symbol]                       0x080015d4   Section        0  schedule.o(.text.DUTY_2MS)
    [Anonymous Symbol]                       0x0800160c   Section        0  schedule.o(.text.DUTY_500MS)
    [Anonymous Symbol]                       0x080016e4   Section        0  schedule.o(.text.DUTY_50MS)
    [Anonymous Symbol]                       0x0800171c   Section        0  schedule.o(.text.DUTY_5S)
    [Anonymous Symbol]                       0x08001758   Section        0  stm32f10x_it.o(.text.DebugMon_Handler)
    [Anonymous Symbol]                       0x0800175c   Section        0  stm32f10x_gpio.o(.text.GPIO_Init)
    [Anonymous Symbol]                       0x080018e4   Section        0  stm32f10x_gpio.o(.text.GPIO_PinRemapConfig)
    [Anonymous Symbol]                       0x080019e0   Section        0  stm32f10x_gpio.o(.text.GPIO_ReadInputDataBit)
    [Anonymous Symbol]                       0x08001a14   Section        0  stm32f10x_gpio.o(.text.GPIO_ResetBits)
    [Anonymous Symbol]                       0x08001a28   Section        0  stm32f10x_gpio.o(.text.GPIO_SetBits)
    [Anonymous Symbol]                       0x08001a3c   Section        0  stm32f10x_it.o(.text.HardFault_Handler)
    [Anonymous Symbol]                       0x08001a40   Section        0  iic.o(.text.IIC_DELAY)
    [Anonymous Symbol]                       0x08001a58   Section        0  iic.o(.text.IIC_HALF_DELAY)
    [Anonymous Symbol]                       0x08001a70   Section        0  iic.o(.text.IIC_IN)
    [Anonymous Symbol]                       0x08001a98   Section        0  iic.o(.text.IIC_OUT)
    [Anonymous Symbol]                       0x08001ac0   Section        0  iic.o(.text.IIC_SEND_BYTE)
    [Anonymous Symbol]                       0x08001b68   Section        0  iic.o(.text.IIC_START)
    [Anonymous Symbol]                       0x08001bb8   Section        0  iic.o(.text.IIC_STOP)
    [Anonymous Symbol]                       0x08001c08   Section        0  iic.o(.text.IIC_Set_Delay_Us)
    [Anonymous Symbol]                       0x08001c20   Section        0  iic.o(.text.IIC_WAIT_ACK)
    [Anonymous Symbol]                       0x08001cb8   Section        0  rtc.o(.text.Is_Leap_Year)
    [Anonymous Symbol]                       0x08001d60   Section        0  stm32f10x_it.o(.text.MemManage_Handler)
    [Anonymous Symbol]                       0x08001d64   Section        0  stm32f10x_it.o(.text.NMI_Handler)
    [Anonymous Symbol]                       0x08001d68   Section        0  misc.o(.text.NVIC_Init)
    [Anonymous Symbol]                       0x08001e14   Section        0  misc.o(.text.NVIC_PriorityGroupConfig)
    [Anonymous Symbol]                       0x08001e30   Section        0  ssd1306.o(.text.OLED_GDrawBitmap)
    [Anonymous Symbol]                       0x08001f6c   Section        0  ssd1306.o(.text.OLED_GDrawChar)
    [Anonymous Symbol]                       0x080020e0   Section        0  ssd1306.o(.text.OLED_GReset)
    OLED_GResetP                             0x08002141   Thumb Code    80  ssd1306.o(.text.OLED_GResetP)
    [Anonymous Symbol]                       0x08002140   Section        0  ssd1306.o(.text.OLED_GResetP)
    OLED_GSetByte                            0x08002191   Thumb Code    68  ssd1306.o(.text.OLED_GSetByte)
    [Anonymous Symbol]                       0x08002190   Section        0  ssd1306.o(.text.OLED_GSetByte)
    OLED_GSetP                               0x080021d5   Thumb Code    80  ssd1306.o(.text.OLED_GSetP)
    [Anonymous Symbol]                       0x080021d4   Section        0  ssd1306.o(.text.OLED_GSetP)
    OLED_SendCmd                             0x08002225   Thumb Code    58  ssd1306.o(.text.OLED_SendCmd)
    [Anonymous Symbol]                       0x08002224   Section        0  ssd1306.o(.text.OLED_SendCmd)
    OLED_SendCmdCo                           0x08002261   Thumb Code    86  ssd1306.o(.text.OLED_SendCmdCo)
    [Anonymous Symbol]                       0x08002260   Section        0  ssd1306.o(.text.OLED_SendCmdCo)
    OLED_SendDataCo                          0x080022b9   Thumb Code    86  ssd1306.o(.text.OLED_SendDataCo)
    [Anonymous Symbol]                       0x080022b8   Section        0  ssd1306.o(.text.OLED_SendDataCo)
    OLED_Set_MemAddrMode                     0x08002311   Thumb Code    26  ssd1306.o(.text.OLED_Set_MemAddrMode)
    [Anonymous Symbol]                       0x08002310   Section        0  ssd1306.o(.text.OLED_Set_MemAddrMode)
    [Anonymous Symbol]                       0x0800232c   Section        0  stm32f10x_pwr.o(.text.PWR_BackupAccessCmd)
    Page_Set_HV                              0x08002345   Thumb Code    66  ssd1306.o(.text.Page_Set_HV)
    [Anonymous Symbol]                       0x08002344   Section        0  ssd1306.o(.text.Page_Set_HV)
    [Anonymous Symbol]                       0x08002388   Section        0  stm32f10x_it.o(.text.PendSV_Handler)
    [Anonymous Symbol]                       0x0800238c   Section        0  stm32f10x_rcc.o(.text.RCC_AHBPeriphClockCmd)
    [Anonymous Symbol]                       0x080023c4   Section        0  stm32f10x_rcc.o(.text.RCC_APB1PeriphClockCmd)
    [Anonymous Symbol]                       0x080023fc   Section        0  stm32f10x_rcc.o(.text.RCC_APB1PeriphResetCmd)
    [Anonymous Symbol]                       0x08002434   Section        0  stm32f10x_rcc.o(.text.RCC_APB2PeriphClockCmd)
    [Anonymous Symbol]                       0x0800246c   Section        0  stm32f10x_rcc.o(.text.RCC_APB2PeriphResetCmd)
    [Anonymous Symbol]                       0x080024a4   Section        0  stm32f10x_rcc.o(.text.RCC_BackupResetCmd)
    [Anonymous Symbol]                       0x080024bc   Section        0  stm32f10x_rcc.o(.text.RCC_ClearFlag)
    [Anonymous Symbol]                       0x080024d0   Section        0  stm32f10x_rcc.o(.text.RCC_GetClocksFreq)
    [Anonymous Symbol]                       0x08002644   Section        0  stm32f10x_rcc.o(.text.RCC_GetFlagStatus)
    [Anonymous Symbol]                       0x080026c8   Section        0  stm32f10x_rcc.o(.text.RCC_LSEConfig)
    [Anonymous Symbol]                       0x08002714   Section        0  stm32f10x_rcc.o(.text.RCC_RTCCLKCmd)
    [Anonymous Symbol]                       0x0800272c   Section        0  stm32f10x_rcc.o(.text.RCC_RTCCLKConfig)
    [Anonymous Symbol]                       0x08002744   Section        0  stm32f10x_rtc.o(.text.RTC_ClearITPendingBit)
    [Anonymous Symbol]                       0x08002760   Section        0  stm32f10x_rtc.o(.text.RTC_EnterConfigMode)
    [Anonymous Symbol]                       0x08002774   Section        0  stm32f10x_rtc.o(.text.RTC_ExitConfigMode)
    [Anonymous Symbol]                       0x08002788   Section        0  rtc.o(.text.RTC_GetCalendar)
    [Anonymous Symbol]                       0x0800292c   Section        0  stm32f10x_rtc.o(.text.RTC_GetCounter)
    [Anonymous Symbol]                       0x08002998   Section        0  stm32f10x_rtc.o(.text.RTC_GetITStatus)
    [Anonymous Symbol]                       0x080029f0   Section        0  rtc.o(.text.RTC_GetWeek)
    [Anonymous Symbol]                       0x08002ab0   Section        0  rtc.o(.text.RTC_IRQHandler)
    [Anonymous Symbol]                       0x08002ae0   Section        0  stm32f10x_rtc.o(.text.RTC_ITConfig)
    [Anonymous Symbol]                       0x08002b20   Section        0  stm32f10x_rtc.o(.text.RTC_SetCounter)
    [Anonymous Symbol]                       0x08002b4c   Section        0  stm32f10x_rtc.o(.text.RTC_SetPrescaler)
    [Anonymous Symbol]                       0x08002b7c   Section        0  rtc.o(.text.RTC_UpdateTime)
    [Anonymous Symbol]                       0x08002b94   Section        0  stm32f10x_rtc.o(.text.RTC_WaitForLastTask)
    [Anonymous Symbol]                       0x08002bac   Section        0  stm32f10x_rtc.o(.text.RTC_WaitForSynchro)
    [Anonymous Symbol]                       0x08002bd4   Section        0  rtc.o(.text.RTC_config)
    [Anonymous Symbol]                       0x08002c40   Section        0  rtc.o(.text.RTC_set)
    [Anonymous Symbol]                       0x08002c68   Section        0  stm32f10x_it.o(.text.SVC_Handler)
    SetSysClock                              0x08002c6d   Thumb Code     8  system_stm32f10x.o(.text.SetSysClock)
    [Anonymous Symbol]                       0x08002c6c   Section        0  system_stm32f10x.o(.text.SetSysClock)
    SetSysClockTo72                          0x08002c75   Thumb Code   290  system_stm32f10x.o(.text.SetSysClockTo72)
    [Anonymous Symbol]                       0x08002c74   Section        0  system_stm32f10x.o(.text.SetSysClockTo72)
    [Anonymous Symbol]                       0x08002d98   Section        0  misc.o(.text.SysTick_CLKSourceConfig)
    [Anonymous Symbol]                       0x08002dcc   Section        0  stm32f10x_it.o(.text.SysTick_Handler)
    [Anonymous Symbol]                       0x08002dd0   Section        0  system_stm32f10x.o(.text.SystemInit)
    TI1_Config                               0x08002e39   Thumb Code   260  stm32f10x_tim.o(.text.TI1_Config)
    [Anonymous Symbol]                       0x08002e38   Section        0  stm32f10x_tim.o(.text.TI1_Config)
    TI2_Config                               0x08002f3d   Thumb Code   286  stm32f10x_tim.o(.text.TI2_Config)
    [Anonymous Symbol]                       0x08002f3c   Section        0  stm32f10x_tim.o(.text.TI2_Config)
    TI3_Config                               0x0800305d   Thumb Code   274  stm32f10x_tim.o(.text.TI3_Config)
    [Anonymous Symbol]                       0x0800305c   Section        0  stm32f10x_tim.o(.text.TI3_Config)
    TI4_Config                               0x08003171   Thumb Code   288  stm32f10x_tim.o(.text.TI4_Config)
    [Anonymous Symbol]                       0x08003170   Section        0  stm32f10x_tim.o(.text.TI4_Config)
    [Anonymous Symbol]                       0x08003290   Section        0  timer.o(.text.TIM2_IRQHandler)
    [Anonymous Symbol]                       0x080032f4   Section        0  distance.o(.text.TIM4_IRQHandler)
    [Anonymous Symbol]                       0x08003424   Section        0  stm32f10x_tim.o(.text.TIM_ClearITPendingBit)
    [Anonymous Symbol]                       0x0800343c   Section        0  stm32f10x_tim.o(.text.TIM_Cmd)
    [Anonymous Symbol]                       0x08003468   Section        0  stm32f10x_tim.o(.text.TIM_DMACmd)
    [Anonymous Symbol]                       0x0800349c   Section        0  stm32f10x_tim.o(.text.TIM_DeInit)
    [Anonymous Symbol]                       0x08003738   Section        0  stm32f10x_tim.o(.text.TIM_GetCapture1)
    [Anonymous Symbol]                       0x08003744   Section        0  stm32f10x_tim.o(.text.TIM_GetITStatus)
    [Anonymous Symbol]                       0x080037a0   Section        0  stm32f10x_tim.o(.text.TIM_ICInit)
    [Anonymous Symbol]                       0x08003894   Section        0  stm32f10x_tim.o(.text.TIM_ITConfig)
    [Anonymous Symbol]                       0x080038c8   Section        0  stm32f10x_tim.o(.text.TIM_OC1PolarityConfig)
    [Anonymous Symbol]                       0x08003904   Section        0  stm32f10x_tim.o(.text.TIM_OC4Init)
    [Anonymous Symbol]                       0x080039f4   Section        0  stm32f10x_tim.o(.text.TIM_OC4PreloadConfig)
    [Anonymous Symbol]                       0x08003a34   Section        0  stm32f10x_tim.o(.text.TIM_SetCompare4)
    [Anonymous Symbol]                       0x08003a4c   Section        0  stm32f10x_tim.o(.text.TIM_SetCounter)
    [Anonymous Symbol]                       0x08003a60   Section        0  stm32f10x_tim.o(.text.TIM_SetIC1Prescaler)
    [Anonymous Symbol]                       0x08003a84   Section        0  stm32f10x_tim.o(.text.TIM_SetIC2Prescaler)
    [Anonymous Symbol]                       0x08003aa8   Section        0  stm32f10x_tim.o(.text.TIM_SetIC3Prescaler)
    [Anonymous Symbol]                       0x08003acc   Section        0  stm32f10x_tim.o(.text.TIM_SetIC4Prescaler)
    [Anonymous Symbol]                       0x08003af0   Section        0  stm32f10x_tim.o(.text.TIM_TimeBaseInit)
    [Anonymous Symbol]                       0x08003c34   Section        0  usart.o(.text.USART1_IRQHandler)
    [Anonymous Symbol]                       0x08003d20   Section        0  usart.o(.text.USART1_SendStr)
    [Anonymous Symbol]                       0x08003d7c   Section        0  usart.o(.text.USART2_IRQHandler)
    [Anonymous Symbol]                       0x08003db4   Section        0  stm32f10x_usart.o(.text.USART_ClearITPendingBit)
    [Anonymous Symbol]                       0x08003df8   Section        0  stm32f10x_usart.o(.text.USART_Cmd)
    [Anonymous Symbol]                       0x08003e24   Section        0  stm32f10x_usart.o(.text.USART_DeInit)
    [Anonymous Symbol]                       0x08003ef4   Section        0  stm32f10x_usart.o(.text.USART_GetFlagStatus)
    [Anonymous Symbol]                       0x08003f38   Section        0  stm32f10x_usart.o(.text.USART_GetITStatus)
    [Anonymous Symbol]                       0x08003fe8   Section        0  stm32f10x_usart.o(.text.USART_ITConfig)
    [Anonymous Symbol]                       0x0800407c   Section        0  stm32f10x_usart.o(.text.USART_Init)
    [Anonymous Symbol]                       0x080041d8   Section        0  stm32f10x_usart.o(.text.USART_ReceiveData)
    [Anonymous Symbol]                       0x080041e8   Section        0  stm32f10x_usart.o(.text.USART_SendData)
    [Anonymous Symbol]                       0x08004200   Section        0  stm32f10x_it.o(.text.UsageFault_Handler)
    [Anonymous Symbol]                       0x08004204   Section        0  led.o(.text.WS2812B_Reset)
    [Anonymous Symbol]                       0x0800421c   Section        0  led.o(.text.WS2812B_Show)
    [Anonymous Symbol]                       0x080042c0   Section        0  led.o(.text.WS2812B_Write_24Bits)
    [Anonymous Symbol]                       0x080043a8   Section        0  control.o(.text.beep_off)
    [Anonymous Symbol]                       0x080043bc   Section        0  control.o(.text.beep_on)
    [Anonymous Symbol]                       0x080043d0   Section        0  botton.o(.text.botton_init)
    [Anonymous Symbol]                       0x08004470   Section        0  botton.o(.text.botton_scan)
    [Anonymous Symbol]                       0x08004930   Section        0  delay.o(.text.delay_init)
    [Anonymous Symbol]                       0x08004970   Section        0  delay.o(.text.delay_ms)
    [Anonymous Symbol]                       0x08004a00   Section        0  delay.o(.text.delay_us)
    [Anonymous Symbol]                       0x08004a8c   Section        0  distance.o(.text.distance_get)
    [Anonymous Symbol]                       0x08004b44   Section        0  distance.o(.text.distance_init)
    [Anonymous Symbol]                       0x08004c1c   Section        0  iic.o(.text.iic_init)
    [Anonymous Symbol]                       0x08004c98   Section        0  gpio.o(.text.io_init)
    [Anonymous Symbol]                       0x08004ca4   Section        0  interface.o(.text.led_main_interface)
    [Anonymous Symbol]                       0x08005034   Section        0  control.o(.text.led_msg_download)
    [Anonymous Symbol]                       0x080050ac   Section        0  control.o(.text.led_msg_upload)
    [Anonymous Symbol]                       0x080050f8   Section        0  interface.o(.text.led_set_interface)
    [Anonymous Symbol]                       0x08005288   Section        0  main.o(.text.main)
    [Anonymous Symbol]                       0x080052ec   Section        0  ssd1306.o(.text.oled_display)
    [Anonymous Symbol]                       0x0800531c   Section        0  ssd1306.o(.text.oled_drawstring)
    [Anonymous Symbol]                       0x080053c4   Section        0  ssd1306.o(.text.oled_init)
    [Anonymous Symbol]                       0x080053ec   Section        0  interface.o(.text.oled_interface)
    [Anonymous Symbol]                       0x08005420   Section        0  rtc.o(.text.rtc_init)
    [Anonymous Symbol]                       0x0800549c   Section        0  schedule.o(.text.schedule_task)
    [Anonymous Symbol]                       0x080054bc   Section        0  control.o(.text.smart_led_control_init)
    [Anonymous Symbol]                       0x0800555c   Section        0  timer.o(.text.time_init)
    [Anonymous Symbol]                       0x080055c8   Section        0  usart.o(.text.usart1_init)
    [Anonymous Symbol]                       0x0800568c   Section        0  led.o(.text.ws2812b_init)
    [Anonymous Symbol]                       0x08005780   Section        0  led.o(.text.ws2812b_status)
    i.__0sprintf                             0x08005ad4   Section        0  printfa.o(i.__0sprintf)
    i.__scatterload_copy                     0x08005afc   Section       14  handlers.o(i.__scatterload_copy)
    i.__scatterload_null                     0x08005b0a   Section        2  handlers.o(i.__scatterload_null)
    i.__scatterload_zeroinit                 0x08005b0c   Section       14  handlers.o(i.__scatterload_zeroinit)
    _fp_digits                               0x08005b1d   Thumb Code   366  printfa.o(i._fp_digits)
    i._fp_digits                             0x08005b1c   Section        0  printfa.o(i._fp_digits)
    i._is_digit                              0x08005ca0   Section        0  scanf_fp.o(i._is_digit)
    _printf_core                             0x08005cb1   Thumb Code  1744  printfa.o(i._printf_core)
    i._printf_core                           0x08005cb0   Section        0  printfa.o(i._printf_core)
    _printf_post_padding                     0x0800638d   Thumb Code    36  printfa.o(i._printf_post_padding)
    i._printf_post_padding                   0x0800638c   Section        0  printfa.o(i._printf_post_padding)
    _printf_pre_padding                      0x080063b1   Thumb Code    46  printfa.o(i._printf_pre_padding)
    i._printf_pre_padding                    0x080063b0   Section        0  printfa.o(i._printf_pre_padding)
    _sputc                                   0x080063df   Thumb Code    10  printfa.o(i._sputc)
    i._sputc                                 0x080063de   Section        0  printfa.o(i._sputc)
    .constdata                               0x080063e8   Section       64  ctype_c.o(.constdata)
    ADCPrescTable                            0x08006428   Data           4  stm32f10x_rcc.o(.rodata.ADCPrescTable)
    [Anonymous Symbol]                       0x08006428   Section        0  stm32f10x_rcc.o(.rodata.ADCPrescTable)
    APBAHBPrescTable                         0x0800642c   Data          16  stm32f10x_rcc.o(.rodata.APBAHBPrescTable)
    [Anonymous Symbol]                       0x0800642c   Section        0  stm32f10x_rcc.o(.rodata.APBAHBPrescTable)
    .L.str                                   0x08006cdb   Data          17  control.o(.rodata.str1.1)
    [Anonymous Symbol]                       0x08006cdb   Section        0  control.o(.rodata.str1.1)
    .L.str.1                                 0x08006cec   Data          22  control.o(.rodata.str1.1)
    .L.str.4                                 0x08006d02   Data           2  interface.o(.rodata.str1.1)
    [Anonymous Symbol]                       0x08006d02   Section        0  interface.o(.rodata.str1.1)
    .L.str.6                                 0x08006d04   Data           8  interface.o(.rodata.str1.1)
    .L.str.5                                 0x08006d0c   Data           3  interface.o(.rodata.str1.1)
    .L.str.1                                 0x08006d0f   Data           4  interface.o(.rodata.str1.1)
    .L.str                                   0x08006d13   Data          16  interface.o(.rodata.str1.1)
    .L.str.2                                 0x08006d23   Data           8  interface.o(.rodata.str1.1)
    .L.str.3                                 0x08006d2b   Data          11  interface.o(.rodata.str1.1)
    IIC_DELAY_US                             0x20000000   Data           1  iic.o(.data.IIC_DELAY_US)
    [Anonymous Symbol]                       0x20000000   Section        0  iic.o(.data.IIC_DELAY_US)
    DUTY_100MS.lms                           0x20000008   Data           4  schedule.o(.bss.DUTY_100MS.lms)
    [Anonymous Symbol]                       0x20000008   Section        0  schedule.o(.bss.DUTY_100MS.lms)
    DUTY_10MS.lms                            0x2000000c   Data           4  schedule.o(.bss.DUTY_10MS.lms)
    [Anonymous Symbol]                       0x2000000c   Section        0  schedule.o(.bss.DUTY_10MS.lms)
    DUTY_1S.lms                              0x20000010   Data           4  schedule.o(.bss.DUTY_1S.lms)
    [Anonymous Symbol]                       0x20000010   Section        0  schedule.o(.bss.DUTY_1S.lms)
    DUTY_2MS.lms                             0x20000014   Data           4  schedule.o(.bss.DUTY_2MS.lms)
    [Anonymous Symbol]                       0x20000014   Section        0  schedule.o(.bss.DUTY_2MS.lms)
    DUTY_500MS.lms                           0x20000018   Data           4  schedule.o(.bss.DUTY_500MS.lms)
    [Anonymous Symbol]                       0x20000018   Section        0  schedule.o(.bss.DUTY_500MS.lms)
    DUTY_500MS.unhealth                      0x2000001c   Data           1  schedule.o(.bss.DUTY_500MS.unhealth)
    [Anonymous Symbol]                       0x2000001c   Section        0  schedule.o(.bss.DUTY_500MS.unhealth)
    DUTY_50MS.lms                            0x20000020   Data           4  schedule.o(.bss.DUTY_50MS.lms)
    [Anonymous Symbol]                       0x20000020   Section        0  schedule.o(.bss.DUTY_50MS.lms)
    DUTY_5S.lms                              0x20000024   Data           4  schedule.o(.bss.DUTY_5S.lms)
    [Anonymous Symbol]                       0x20000024   Section        0  schedule.o(.bss.DUTY_5S.lms)
    RTC_GetCalendar.daycount                 0x20000672   Data           2  rtc.o(.bss.RTC_GetCalendar.daycount)
    [Anonymous Symbol]                       0x20000672   Section        0  rtc.o(.bss.RTC_GetCalendar.daycount)
    botton_scan.high_cnt                     0x20000678   Data          20  botton.o(.bss.botton_scan.high_cnt)
    [Anonymous Symbol]                       0x20000678   Section        0  botton.o(.bss.botton_scan.high_cnt)
    fac_ms                                   0x2000088c   Data           2  delay.o(.bss.fac_ms)
    [Anonymous Symbol]                       0x2000088c   Section        0  delay.o(.bss.fac_ms)
    fac_us                                   0x2000088e   Data           1  delay.o(.bss.fac_us)
    [Anonymous Symbol]                       0x2000088e   Section        0  delay.o(.bss.fac_us)
    iic_init.isInit                          0x2000088f   Data           1  iic.o(.bss.iic_init.isInit)
    [Anonymous Symbol]                       0x2000088f   Section        0  iic.o(.bss.iic_init.isInit)
    isInit                                   0x20000890   Data           1  ssd1306.o(.bss.isInit)
    [Anonymous Symbol]                       0x20000890   Section        0  ssd1306.o(.bss.isInit)
    temp                                     0x20000cd4   Data           1  usart.o(.bss.temp)
    [Anonymous Symbol]                       0x20000cd4   Section        0  usart.o(.bss.temp)
    ws2812b_status.offset                    0x20000cd6   Data           2  led.o(.bss.ws2812b_status.offset)
    [Anonymous Symbol]                       0x20000cd6   Section        0  led.o(.bss.ws2812b_status.offset)
    STACK                                    0x20000cd8   Section    16384  startup_stm32f10x_md.o(STACK)

    Global Symbols

    Symbol Name                              Value     Ov Type        Size  Object(Section)

    BuildAttributes$$THM_ISAv4$P$D$K$B$S$PE$A:L22UL41UL21$X:L11$S22US41US21$IEEE1$IW$~IW$USESV6$~STKCKD$USESV7$~SHL$OTIME$ROPI$EBA8$MICROLIB$REQ8$PRES8$EABIv2 0x00000000   Number         0  anon$$obj.o ABSOLUTE
    __cpp_initialize__aeabi_                  - Undefined Weak Reference
    __cxa_finalize                            - Undefined Weak Reference
    __decompress                              - Undefined Weak Reference
    _clock_init                               - Undefined Weak Reference
    _microlib_exit                            - Undefined Weak Reference
    __Vectors_Size                           0x000000ec   Number         0  startup_stm32f10x_md.o ABSOLUTE
    __Vectors                                0x08000000   Data           4  startup_stm32f10x_md.o(RESET)
    __Vectors_End                            0x080000ec   Data           0  startup_stm32f10x_md.o(RESET)
    __main                                   0x080000ed   Thumb Code     0  entry.o(.ARM.Collect$$$$00000000)
    _main_stk                                0x080000ed   Thumb Code     0  entry2.o(.ARM.Collect$$$$00000001)
    _main_scatterload                        0x080000f1   Thumb Code     0  entry5.o(.ARM.Collect$$$$00000004)
    __main_after_scatterload                 0x080000f5   Thumb Code     0  entry5.o(.ARM.Collect$$$$00000004)
    _main_clock                              0x080000f5   Thumb Code     0  entry7b.o(.ARM.Collect$$$$00000008)
    _main_cpp_init                           0x080000f5   Thumb Code     0  entry8b.o(.ARM.Collect$$$$0000000A)
    _main_init                               0x080000f5   Thumb Code     0  entry9a.o(.ARM.Collect$$$$0000000B)
    __rt_final_cpp                           0x080000fd   Thumb Code     0  entry10a.o(.ARM.Collect$$$$0000000D)
    __rt_final_exit                          0x080000fd   Thumb Code     0  entry11a.o(.ARM.Collect$$$$0000000F)
    Reset_Handler                            0x08000101   Thumb Code     8  startup_stm32f10x_md.o(.text)
    ADC1_2_IRQHandler                        0x0800011b   Thumb Code     0  startup_stm32f10x_md.o(.text)
    CAN1_RX1_IRQHandler                      0x0800011b   Thumb Code     0  startup_stm32f10x_md.o(.text)
    CAN1_SCE_IRQHandler                      0x0800011b   Thumb Code     0  startup_stm32f10x_md.o(.text)
    DMA1_Channel1_IRQHandler                 0x0800011b   Thumb Code     0  startup_stm32f10x_md.o(.text)
    DMA1_Channel2_IRQHandler                 0x0800011b   Thumb Code     0  startup_stm32f10x_md.o(.text)
    DMA1_Channel3_IRQHandler                 0x0800011b   Thumb Code     0  startup_stm32f10x_md.o(.text)
    DMA1_Channel4_IRQHandler                 0x0800011b   Thumb Code     0  startup_stm32f10x_md.o(.text)
    DMA1_Channel5_IRQHandler                 0x0800011b   Thumb Code     0  startup_stm32f10x_md.o(.text)
    DMA1_Channel6_IRQHandler                 0x0800011b   Thumb Code     0  startup_stm32f10x_md.o(.text)
    DMA1_Channel7_IRQHandler                 0x0800011b   Thumb Code     0  startup_stm32f10x_md.o(.text)
    EXTI0_IRQHandler                         0x0800011b   Thumb Code     0  startup_stm32f10x_md.o(.text)
    EXTI15_10_IRQHandler                     0x0800011b   Thumb Code     0  startup_stm32f10x_md.o(.text)
    EXTI1_IRQHandler                         0x0800011b   Thumb Code     0  startup_stm32f10x_md.o(.text)
    EXTI2_IRQHandler                         0x0800011b   Thumb Code     0  startup_stm32f10x_md.o(.text)
    EXTI3_IRQHandler                         0x0800011b   Thumb Code     0  startup_stm32f10x_md.o(.text)
    EXTI4_IRQHandler                         0x0800011b   Thumb Code     0  startup_stm32f10x_md.o(.text)
    EXTI9_5_IRQHandler                       0x0800011b   Thumb Code     0  startup_stm32f10x_md.o(.text)
    FLASH_IRQHandler                         0x0800011b   Thumb Code     0  startup_stm32f10x_md.o(.text)
    I2C1_ER_IRQHandler                       0x0800011b   Thumb Code     0  startup_stm32f10x_md.o(.text)
    I2C1_EV_IRQHandler                       0x0800011b   Thumb Code     0  startup_stm32f10x_md.o(.text)
    I2C2_ER_IRQHandler                       0x0800011b   Thumb Code     0  startup_stm32f10x_md.o(.text)
    I2C2_EV_IRQHandler                       0x0800011b   Thumb Code     0  startup_stm32f10x_md.o(.text)
    PVD_IRQHandler                           0x0800011b   Thumb Code     0  startup_stm32f10x_md.o(.text)
    RCC_IRQHandler                           0x0800011b   Thumb Code     0  startup_stm32f10x_md.o(.text)
    RTCAlarm_IRQHandler                      0x0800011b   Thumb Code     0  startup_stm32f10x_md.o(.text)
    SPI1_IRQHandler                          0x0800011b   Thumb Code     0  startup_stm32f10x_md.o(.text)
    SPI2_IRQHandler                          0x0800011b   Thumb Code     0  startup_stm32f10x_md.o(.text)
    TAMPER_IRQHandler                        0x0800011b   Thumb Code     0  startup_stm32f10x_md.o(.text)
    TIM1_BRK_IRQHandler                      0x0800011b   Thumb Code     0  startup_stm32f10x_md.o(.text)
    TIM1_CC_IRQHandler                       0x0800011b   Thumb Code     0  startup_stm32f10x_md.o(.text)
    TIM1_TRG_COM_IRQHandler                  0x0800011b   Thumb Code     0  startup_stm32f10x_md.o(.text)
    TIM1_UP_IRQHandler                       0x0800011b   Thumb Code     0  startup_stm32f10x_md.o(.text)
    TIM3_IRQHandler                          0x0800011b   Thumb Code     0  startup_stm32f10x_md.o(.text)
    USART3_IRQHandler                        0x0800011b   Thumb Code     0  startup_stm32f10x_md.o(.text)
    USBWakeUp_IRQHandler                     0x0800011b   Thumb Code     0  startup_stm32f10x_md.o(.text)
    USB_HP_CAN1_TX_IRQHandler                0x0800011b   Thumb Code     0  startup_stm32f10x_md.o(.text)
    USB_LP_CAN1_RX0_IRQHandler               0x0800011b   Thumb Code     0  startup_stm32f10x_md.o(.text)
    WWDG_IRQHandler                          0x0800011b   Thumb Code     0  startup_stm32f10x_md.o(.text)
    sscanf                                   0x08000125   Thumb Code    48  sscanf.o(.text)
    __aeabi_fmul                             0x0800015d   Thumb Code   100  fmul.o(.text)
    __aeabi_fdiv                             0x080001c1   Thumb Code   124  fdiv.o(.text)
    __aeabi_fcmplt                           0x0800023d   Thumb Code    28  fcmplt.o(.text)
    __aeabi_fcmpge                           0x08000259   Thumb Code    28  fcmpge.o(.text)
    __aeabi_i2f                              0x08000275   Thumb Code    18  fflti.o(.text)
    __aeabi_ui2f                             0x08000287   Thumb Code    10  ffltui.o(.text)
    __aeabi_f2iz                             0x08000291   Thumb Code    50  ffixi.o(.text)
    __aeabi_f2d                              0x080002c3   Thumb Code    38  f2d.o(.text)
    __aeabi_uidiv                            0x080002e9   Thumb Code     0  uidiv.o(.text)
    __aeabi_uidivmod                         0x080002e9   Thumb Code    44  uidiv.o(.text)
    __aeabi_uldivmod                         0x08000315   Thumb Code    98  uldiv.o(.text)
    _scanf_longlong                          0x08000377   Thumb Code   342  _scanf_longlong.o(.text)
    _scanf_int                               0x080004cd   Thumb Code   332  _scanf_int.o(.text)
    _scanf_string                            0x08000619   Thumb Code   224  _scanf_str.o(.text)
    _scanf_real                              0x08000821   Thumb Code     0  scanf_fp.o(.text)
    _scanf_really_real                       0x08000821   Thumb Code   556  scanf_fp.o(.text)
    __vfscanf_char                           0x08000a65   Thumb Code    20  scanf_char.o(.text)
    _sgetc                                   0x08000a81   Thumb Code    30  _sgetc.o(.text)
    _sbackspace                              0x08000a9f   Thumb Code    34  _sgetc.o(.text)
    __I$use$fp                               0x08000ac1   Thumb Code     0  iusefp.o(.text)
    _float_round                             0x08000ac1   Thumb Code    18  fepilogue.o(.text)
    _float_epilogue                          0x08000ad3   Thumb Code    92  fepilogue.o(.text)
    __aeabi_dadd                             0x08000b2f   Thumb Code   322  dadd.o(.text)
    __aeabi_dsub                             0x08000c71   Thumb Code     6  dadd.o(.text)
    __aeabi_drsub                            0x08000c77   Thumb Code     6  dadd.o(.text)
    __aeabi_dmul                             0x08000c7d   Thumb Code   228  dmul.o(.text)
    __aeabi_ddiv                             0x08000d61   Thumb Code   222  ddiv.o(.text)
    __aeabi_d2ulz                            0x08000e3f   Thumb Code    48  dfixul.o(.text)
    __aeabi_cdrcmple                         0x08000e71   Thumb Code    48  cdrcmple.o(.text)
    __scatterload                            0x08000ea1   Thumb Code    28  init.o(.text)
    __scatterload_rt2                        0x08000ea1   Thumb Code     0  init.o(.text)
    __aeabi_llsl                             0x08000ec5   Thumb Code    30  llshl.o(.text)
    _ll_shift_l                              0x08000ec5   Thumb Code     0  llshl.o(.text)
    __aeabi_llsr                             0x08000ee3   Thumb Code    32  llushr.o(.text)
    _ll_ushift_r                             0x08000ee3   Thumb Code     0  llushr.o(.text)
    __aeabi_lasr                             0x08000f03   Thumb Code    36  llsshr.o(.text)
    _ll_sshift_r                             0x08000f03   Thumb Code     0  llsshr.o(.text)
    isspace                                  0x08000f27   Thumb Code    10  isspace_c.o(.text)
    _chval                                   0x08000f31   Thumb Code    28  _chval.o(.text)
    __vfscanf                                0x08000f4d   Thumb Code   808  _scanf.o(.text)
    _double_round                            0x08001279   Thumb Code    30  depilogue.o(.text)
    _double_epilogue                         0x08001297   Thumb Code   156  depilogue.o(.text)
    __aeabi_ul2d                             0x08001333   Thumb Code    24  dfltul.o(.text)
    __aeabi_d2f                              0x0800134b   Thumb Code    56  d2f.o(.text)
    __ctype_lookup                           0x08001385   Thumb Code    34  ctype_c.o(.text)
    BKP_DeInit                               0x080013ad   Thumb Code    16  stm32f10x_bkp.o(.text.BKP_DeInit)
    BKP_ReadBackupRegister                   0x080013bd   Thumb Code    38  stm32f10x_bkp.o(.text.BKP_ReadBackupRegister)
    BKP_WriteBackupRegister                  0x080013e5   Thumb Code    46  stm32f10x_bkp.o(.text.BKP_WriteBackupRegister)
    BusFault_Handler                         0x08001415   Thumb Code     4  stm32f10x_it.o(.text.BusFault_Handler)
    DMA_Cmd                                  0x0800145d   Thumb Code    46  stm32f10x_dma.o(.text.DMA_Cmd)
    DMA_GetCurrDataCounter                   0x0800148d   Thumb Code    14  stm32f10x_dma.o(.text.DMA_GetCurrDataCounter)
    DMA_Init                                 0x0800149d   Thumb Code   108  stm32f10x_dma.o(.text.DMA_Init)
    DMA_SetCurrDataCounter                   0x08001509   Thumb Code    20  stm32f10x_dma.o(.text.DMA_SetCurrDataCounter)
    DUTY_100MS                               0x0800151d   Thumb Code    64  schedule.o(.text.DUTY_100MS)
    DUTY_10MS                                0x0800155d   Thumb Code    56  schedule.o(.text.DUTY_10MS)
    DUTY_1S                                  0x08001595   Thumb Code    64  schedule.o(.text.DUTY_1S)
    DUTY_2MS                                 0x080015d5   Thumb Code    56  schedule.o(.text.DUTY_2MS)
    DUTY_500MS                               0x0800160d   Thumb Code   214  schedule.o(.text.DUTY_500MS)
    DUTY_50MS                                0x080016e5   Thumb Code    56  schedule.o(.text.DUTY_50MS)
    DUTY_5S                                  0x0800171d   Thumb Code    60  schedule.o(.text.DUTY_5S)
    DebugMon_Handler                         0x08001759   Thumb Code     2  stm32f10x_it.o(.text.DebugMon_Handler)
    GPIO_Init                                0x0800175d   Thumb Code   390  stm32f10x_gpio.o(.text.GPIO_Init)
    GPIO_PinRemapConfig                      0x080018e5   Thumb Code   250  stm32f10x_gpio.o(.text.GPIO_PinRemapConfig)
    GPIO_ReadInputDataBit                    0x080019e1   Thumb Code    52  stm32f10x_gpio.o(.text.GPIO_ReadInputDataBit)
    GPIO_ResetBits                           0x08001a15   Thumb Code    20  stm32f10x_gpio.o(.text.GPIO_ResetBits)
    GPIO_SetBits                             0x08001a29   Thumb Code    20  stm32f10x_gpio.o(.text.GPIO_SetBits)
    HardFault_Handler                        0x08001a3d   Thumb Code     4  stm32f10x_it.o(.text.HardFault_Handler)
    IIC_DELAY                                0x08001a41   Thumb Code    24  iic.o(.text.IIC_DELAY)
    IIC_HALF_DELAY                           0x08001a59   Thumb Code    24  iic.o(.text.IIC_HALF_DELAY)
    IIC_IN                                   0x08001a71   Thumb Code    40  iic.o(.text.IIC_IN)
    IIC_OUT                                  0x08001a99   Thumb Code    38  iic.o(.text.IIC_OUT)
    IIC_SEND_BYTE                            0x08001ac1   Thumb Code   168  iic.o(.text.IIC_SEND_BYTE)
    IIC_START                                0x08001b69   Thumb Code    80  iic.o(.text.IIC_START)
    IIC_STOP                                 0x08001bb9   Thumb Code    80  iic.o(.text.IIC_STOP)
    IIC_Set_Delay_Us                         0x08001c09   Thumb Code    24  iic.o(.text.IIC_Set_Delay_Us)
    IIC_WAIT_ACK                             0x08001c21   Thumb Code   150  iic.o(.text.IIC_WAIT_ACK)
    Is_Leap_Year                             0x08001cb9   Thumb Code   166  rtc.o(.text.Is_Leap_Year)
    MemManage_Handler                        0x08001d61   Thumb Code     4  stm32f10x_it.o(.text.MemManage_Handler)
    NMI_Handler                              0x08001d65   Thumb Code     2  stm32f10x_it.o(.text.NMI_Handler)
    NVIC_Init                                0x08001d69   Thumb Code   170  misc.o(.text.NVIC_Init)
    NVIC_PriorityGroupConfig                 0x08001e15   Thumb Code    28  misc.o(.text.NVIC_PriorityGroupConfig)
    OLED_GDrawBitmap                         0x08001e31   Thumb Code   316  ssd1306.o(.text.OLED_GDrawBitmap)
    OLED_GDrawChar                           0x08001f6d   Thumb Code   370  ssd1306.o(.text.OLED_GDrawChar)
    OLED_GReset                              0x080020e1   Thumb Code    94  ssd1306.o(.text.OLED_GReset)
    PWR_BackupAccessCmd                      0x0800232d   Thumb Code    22  stm32f10x_pwr.o(.text.PWR_BackupAccessCmd)
    PendSV_Handler                           0x08002389   Thumb Code     2  stm32f10x_it.o(.text.PendSV_Handler)
    RCC_AHBPeriphClockCmd                    0x0800238d   Thumb Code    56  stm32f10x_rcc.o(.text.RCC_AHBPeriphClockCmd)
    RCC_APB1PeriphClockCmd                   0x080023c5   Thumb Code    56  stm32f10x_rcc.o(.text.RCC_APB1PeriphClockCmd)
    RCC_APB1PeriphResetCmd                   0x080023fd   Thumb Code    56  stm32f10x_rcc.o(.text.RCC_APB1PeriphResetCmd)
    RCC_APB2PeriphClockCmd                   0x08002435   Thumb Code    56  stm32f10x_rcc.o(.text.RCC_APB2PeriphClockCmd)
    RCC_APB2PeriphResetCmd                   0x0800246d   Thumb Code    56  stm32f10x_rcc.o(.text.RCC_APB2PeriphResetCmd)
    RCC_BackupResetCmd                       0x080024a5   Thumb Code    24  stm32f10x_rcc.o(.text.RCC_BackupResetCmd)
    RCC_ClearFlag                            0x080024bd   Thumb Code    18  stm32f10x_rcc.o(.text.RCC_ClearFlag)
    RCC_GetClocksFreq                        0x080024d1   Thumb Code   370  stm32f10x_rcc.o(.text.RCC_GetClocksFreq)
    RCC_GetFlagStatus                        0x08002645   Thumb Code   130  stm32f10x_rcc.o(.text.RCC_GetFlagStatus)
    RCC_LSEConfig                            0x080026c9   Thumb Code    76  stm32f10x_rcc.o(.text.RCC_LSEConfig)
    RCC_RTCCLKCmd                            0x08002715   Thumb Code    24  stm32f10x_rcc.o(.text.RCC_RTCCLKCmd)
    RCC_RTCCLKConfig                         0x0800272d   Thumb Code    24  stm32f10x_rcc.o(.text.RCC_RTCCLKConfig)
    RTC_ClearITPendingBit                    0x08002745   Thumb Code    28  stm32f10x_rtc.o(.text.RTC_ClearITPendingBit)
    RTC_EnterConfigMode                      0x08002761   Thumb Code    18  stm32f10x_rtc.o(.text.RTC_EnterConfigMode)
    RTC_ExitConfigMode                       0x08002775   Thumb Code    18  stm32f10x_rtc.o(.text.RTC_ExitConfigMode)
    RTC_GetCalendar                          0x08002789   Thumb Code   420  rtc.o(.text.RTC_GetCalendar)
    RTC_GetCounter                           0x0800292d   Thumb Code   108  stm32f10x_rtc.o(.text.RTC_GetCounter)
    RTC_GetITStatus                          0x08002999   Thumb Code    86  stm32f10x_rtc.o(.text.RTC_GetITStatus)
    RTC_GetWeek                              0x080029f1   Thumb Code   192  rtc.o(.text.RTC_GetWeek)
    RTC_IRQHandler                           0x08002ab1   Thumb Code    48  rtc.o(.text.RTC_IRQHandler)
    RTC_ITConfig                             0x08002ae1   Thumb Code    62  stm32f10x_rtc.o(.text.RTC_ITConfig)
    RTC_SetCounter                           0x08002b21   Thumb Code    44  stm32f10x_rtc.o(.text.RTC_SetCounter)
    RTC_SetPrescaler                         0x08002b4d   Thumb Code    46  stm32f10x_rtc.o(.text.RTC_SetPrescaler)
    RTC_UpdateTime                           0x08002b7d   Thumb Code    24  rtc.o(.text.RTC_UpdateTime)
    RTC_WaitForLastTask                      0x08002b95   Thumb Code    24  stm32f10x_rtc.o(.text.RTC_WaitForLastTask)
    RTC_WaitForSynchro                       0x08002bad   Thumb Code    40  stm32f10x_rtc.o(.text.RTC_WaitForSynchro)
    RTC_config                               0x08002bd5   Thumb Code   108  rtc.o(.text.RTC_config)
    RTC_set                                  0x08002c41   Thumb Code    38  rtc.o(.text.RTC_set)
    SVC_Handler                              0x08002c69   Thumb Code     2  stm32f10x_it.o(.text.SVC_Handler)
    SysTick_CLKSourceConfig                  0x08002d99   Thumb Code    52  misc.o(.text.SysTick_CLKSourceConfig)
    SysTick_Handler                          0x08002dcd   Thumb Code     2  stm32f10x_it.o(.text.SysTick_Handler)
    SystemInit                               0x08002dd1   Thumb Code   102  system_stm32f10x.o(.text.SystemInit)
    TIM2_IRQHandler                          0x08003291   Thumb Code    98  timer.o(.text.TIM2_IRQHandler)
    TIM4_IRQHandler                          0x080032f5   Thumb Code   302  distance.o(.text.TIM4_IRQHandler)
    TIM_ClearITPendingBit                    0x08003425   Thumb Code    22  stm32f10x_tim.o(.text.TIM_ClearITPendingBit)
    TIM_Cmd                                  0x0800343d   Thumb Code    44  stm32f10x_tim.o(.text.TIM_Cmd)
    TIM_DMACmd                               0x08003469   Thumb Code    52  stm32f10x_tim.o(.text.TIM_DMACmd)
    TIM_DeInit                               0x0800349d   Thumb Code   666  stm32f10x_tim.o(.text.TIM_DeInit)
    TIM_GetCapture1                          0x08003739   Thumb Code    12  stm32f10x_tim.o(.text.TIM_GetCapture1)
    TIM_GetITStatus                          0x08003745   Thumb Code    90  stm32f10x_tim.o(.text.TIM_GetITStatus)
    TIM_ICInit                               0x080037a1   Thumb Code   242  stm32f10x_tim.o(.text.TIM_ICInit)
    TIM_ITConfig                             0x08003895   Thumb Code    52  stm32f10x_tim.o(.text.TIM_ITConfig)
    TIM_OC1PolarityConfig                    0x080038c9   Thumb Code    60  stm32f10x_tim.o(.text.TIM_OC1PolarityConfig)
    TIM_OC4Init                              0x08003905   Thumb Code   238  stm32f10x_tim.o(.text.TIM_OC4Init)
    TIM_OC4PreloadConfig                     0x080039f5   Thumb Code    62  stm32f10x_tim.o(.text.TIM_OC4PreloadConfig)
    TIM_SetCompare4                          0x08003a35   Thumb Code    22  stm32f10x_tim.o(.text.TIM_SetCompare4)
    TIM_SetCounter                           0x08003a4d   Thumb Code    20  stm32f10x_tim.o(.text.TIM_SetCounter)
    TIM_SetIC1Prescaler                      0x08003a61   Thumb Code    34  stm32f10x_tim.o(.text.TIM_SetIC1Prescaler)
    TIM_SetIC2Prescaler                      0x08003a85   Thumb Code    36  stm32f10x_tim.o(.text.TIM_SetIC2Prescaler)
    TIM_SetIC3Prescaler                      0x08003aa9   Thumb Code    34  stm32f10x_tim.o(.text.TIM_SetIC3Prescaler)
    TIM_SetIC4Prescaler                      0x08003acd   Thumb Code    36  stm32f10x_tim.o(.text.TIM_SetIC4Prescaler)
    TIM_TimeBaseInit                         0x08003af1   Thumb Code   322  stm32f10x_tim.o(.text.TIM_TimeBaseInit)
    USART1_IRQHandler                        0x08003c35   Thumb Code   234  usart.o(.text.USART1_IRQHandler)
    USART1_SendStr                           0x08003d21   Thumb Code    90  usart.o(.text.USART1_SendStr)
    USART2_IRQHandler                        0x08003d7d   Thumb Code    56  usart.o(.text.USART2_IRQHandler)
    USART_ClearITPendingBit                  0x08003db5   Thumb Code    68  stm32f10x_usart.o(.text.USART_ClearITPendingBit)
    USART_Cmd                                0x08003df9   Thumb Code    44  stm32f10x_usart.o(.text.USART_Cmd)
    USART_DeInit                             0x08003e25   Thumb Code   208  stm32f10x_usart.o(.text.USART_DeInit)
    USART_GetFlagStatus                      0x08003ef5   Thumb Code    68  stm32f10x_usart.o(.text.USART_GetFlagStatus)
    USART_GetITStatus                        0x08003f39   Thumb Code   176  stm32f10x_usart.o(.text.USART_GetITStatus)
    USART_ITConfig                           0x08003fe9   Thumb Code   146  stm32f10x_usart.o(.text.USART_ITConfig)
    USART_Init                               0x0800407d   Thumb Code   348  stm32f10x_usart.o(.text.USART_Init)
    USART_ReceiveData                        0x080041d9   Thumb Code    16  stm32f10x_usart.o(.text.USART_ReceiveData)
    USART_SendData                           0x080041e9   Thumb Code    24  stm32f10x_usart.o(.text.USART_SendData)
    UsageFault_Handler                       0x08004201   Thumb Code     4  stm32f10x_it.o(.text.UsageFault_Handler)
    WS2812B_Reset                            0x08004205   Thumb Code    24  led.o(.text.WS2812B_Reset)
    WS2812B_Show                             0x0800421d   Thumb Code   162  led.o(.text.WS2812B_Show)
    WS2812B_Write_24Bits                     0x080042c1   Thumb Code   230  led.o(.text.WS2812B_Write_24Bits)
    beep_off                                 0x080043a9   Thumb Code    18  control.o(.text.beep_off)
    beep_on                                  0x080043bd   Thumb Code    18  control.o(.text.beep_on)
    botton_init                              0x080043d1   Thumb Code   160  botton.o(.text.botton_init)
    botton_scan                              0x08004471   Thumb Code  1214  botton.o(.text.botton_scan)
    delay_init                               0x08004931   Thumb Code    64  delay.o(.text.delay_init)
    delay_ms                                 0x08004971   Thumb Code   144  delay.o(.text.delay_ms)
    delay_us                                 0x08004a01   Thumb Code   140  delay.o(.text.delay_us)
    distance_get                             0x08004a8d   Thumb Code   182  distance.o(.text.distance_get)
    distance_init                            0x08004b45   Thumb Code   216  distance.o(.text.distance_init)
    iic_init                                 0x08004c1d   Thumb Code   122  iic.o(.text.iic_init)
    io_init                                  0x08004c99   Thumb Code    12  gpio.o(.text.io_init)
    led_main_interface                       0x08004ca5   Thumb Code   910  interface.o(.text.led_main_interface)
    led_msg_download                         0x08005035   Thumb Code   118  control.o(.text.led_msg_download)
    led_msg_upload                           0x080050ad   Thumb Code    74  control.o(.text.led_msg_upload)
    led_set_interface                        0x080050f9   Thumb Code   400  interface.o(.text.led_set_interface)
    main                                     0x08005289   Thumb Code   100  main.o(.text.main)
    oled_display                             0x080052ed   Thumb Code    48  ssd1306.o(.text.oled_display)
    oled_drawstring                          0x0800531d   Thumb Code   168  ssd1306.o(.text.oled_drawstring)
    oled_init                                0x080053c5   Thumb Code    38  ssd1306.o(.text.oled_init)
    oled_interface                           0x080053ed   Thumb Code    50  interface.o(.text.oled_interface)
    rtc_init                                 0x08005421   Thumb Code   122  rtc.o(.text.rtc_init)
    schedule_task                            0x0800549d   Thumb Code    32  schedule.o(.text.schedule_task)
    smart_led_control_init                   0x080054bd   Thumb Code   158  control.o(.text.smart_led_control_init)
    time_init                                0x0800555d   Thumb Code   106  timer.o(.text.time_init)
    usart1_init                              0x080055c9   Thumb Code   196  usart.o(.text.usart1_init)
    ws2812b_init                             0x0800568d   Thumb Code   244  led.o(.text.ws2812b_init)
    ws2812b_status                           0x08005781   Thumb Code   850  led.o(.text.ws2812b_status)
    __0sprintf                               0x08005ad5   Thumb Code    34  printfa.o(i.__0sprintf)
    __1sprintf                               0x08005ad5   Thumb Code     0  printfa.o(i.__0sprintf)
    __2sprintf                               0x08005ad5   Thumb Code     0  printfa.o(i.__0sprintf)
    __c89sprintf                             0x08005ad5   Thumb Code     0  printfa.o(i.__0sprintf)
    sprintf                                  0x08005ad5   Thumb Code     0  printfa.o(i.__0sprintf)
    __scatterload_copy                       0x08005afd   Thumb Code    14  handlers.o(i.__scatterload_copy)
    __scatterload_null                       0x08005b0b   Thumb Code     2  handlers.o(i.__scatterload_null)
    __scatterload_zeroinit                   0x08005b0d   Thumb Code    14  handlers.o(i.__scatterload_zeroinit)
    _is_digit                                0x08005ca1   Thumb Code    14  scanf_fp.o(i._is_digit)
    __ctype_categories                       0x080063e8   Data          64  ctype_c.o(.constdata)
    OLED_InitCmd                             0x0800643c   Data          25  ssd1306.o(.rodata.OLED_InitCmd)
    ascii                                    0x08006455   Data        1330  fonts.o(.rodata.ascii)
    ch                                       0x08006987   Data         840  fonts.o(.rodata.ch)
    month_table                              0x08006ccf   Data          12  rtc.o(.rodata.month_table)
    week_table                               0x08006d36   Data          12  rtc.o(.rodata.week_table)
    Region$$Table$$Base                      0x08006d44   Number         0  anon$$obj.o(Region$$Table)
    Region$$Table$$Limit                     0x08006d64   Number         0  anon$$obj.o(Region$$Table)
    SystemCoreClock                          0x20000004   Data           4  system_stm32f10x.o(.data.SystemCoreClock)
    GDDRAM                                   0x20000028   Data        1024  ssd1306.o(.bss.GDDRAM)
    LED_Buffer                               0x20000428   Data         586  led.o(.bss.LED_Buffer)
    TIM_CAPTURE_STA                          0x20000674   Data           1  distance.o(.bss.TIM_CAPTURE_STA)
    TIM_CAPTURE_VAL                          0x20000676   Data           2  distance.o(.bss.TIM_CAPTURE_VAL)
    display_array                            0x2000068c   Data         512  interface.o(.bss.display_array)
    led                                      0x20000894   Data        1084  main.o(.bss.led)
    lms                                      0x20000cd0   Data           4  timer.o(.bss.lms)
    __initial_sp                             0x20004cd8   Data           0  startup_stm32f10x_md.o(STACK)



==============================================================================

Memory Map of the image

  Image Entry point : 0x080000ed

  Load Region LR_IROM1 (Base: 0x08000000, Size: 0x00006d70, Max: 0x00010000, ABSOLUTE)

    Execution Region ER_IROM1 (Exec base: 0x08000000, Load base: 0x08000000, Size: 0x00006d64, Max: 0x00010000, ABSOLUTE)

    Exec Addr    Load Addr    Size         Type   Attr      Idx    E Section Name        Object

    0x08000000   0x08000000   0x000000ec   Data   RO         1525    RESET               startup_stm32f10x_md.o
    0x080000ec   0x080000ec   0x00000000   Code   RO         1532  * .ARM.Collect$$$$00000000  mc_w.l(entry.o)
    0x080000ec   0x080000ec   0x00000004   Code   RO         1581    .ARM.Collect$$$$00000001  mc_w.l(entry2.o)
    0x080000f0   0x080000f0   0x00000004   Code   RO         1584    .ARM.Collect$$$$00000004  mc_w.l(entry5.o)
    0x080000f4   0x080000f4   0x00000000   Code   RO         1586    .ARM.Collect$$$$00000008  mc_w.l(entry7b.o)
    0x080000f4   0x080000f4   0x00000000   Code   RO         1588    .ARM.Collect$$$$0000000A  mc_w.l(entry8b.o)
    0x080000f4   0x080000f4   0x00000008   Code   RO         1589    .ARM.Collect$$$$0000000B  mc_w.l(entry9a.o)
    0x080000fc   0x080000fc   0x00000000   Code   RO         1591    .ARM.Collect$$$$0000000D  mc_w.l(entry10a.o)
    0x080000fc   0x080000fc   0x00000000   Code   RO         1593    .ARM.Collect$$$$0000000F  mc_w.l(entry11a.o)
    0x080000fc   0x080000fc   0x00000004   Code   RO         1582    .ARM.Collect$$$$00002712  mc_w.l(entry2.o)
    0x08000100   0x08000100   0x00000024   Code   RO         1526    .text               startup_stm32f10x_md.o
    0x08000124   0x08000124   0x00000038   Code   RO         1563    .text               mc_w.l(sscanf.o)
    0x0800015c   0x0800015c   0x00000064   Code   RO         1565    .text               mf_w.l(fmul.o)
    0x080001c0   0x080001c0   0x0000007c   Code   RO         1567    .text               mf_w.l(fdiv.o)
    0x0800023c   0x0800023c   0x0000001c   Code   RO         1569    .text               mf_w.l(fcmplt.o)
    0x08000258   0x08000258   0x0000001c   Code   RO         1571    .text               mf_w.l(fcmpge.o)
    0x08000274   0x08000274   0x00000012   Code   RO         1573    .text               mf_w.l(fflti.o)
    0x08000286   0x08000286   0x0000000a   Code   RO         1575    .text               mf_w.l(ffltui.o)
    0x08000290   0x08000290   0x00000032   Code   RO         1577    .text               mf_w.l(ffixi.o)
    0x080002c2   0x080002c2   0x00000026   Code   RO         1579    .text               mf_w.l(f2d.o)
    0x080002e8   0x080002e8   0x0000002c   Code   RO         1605    .text               mc_w.l(uidiv.o)
    0x08000314   0x08000314   0x00000062   Code   RO         1607    .text               mc_w.l(uldiv.o)
    0x08000376   0x08000376   0x00000156   Code   RO         1609    .text               mc_w.l(_scanf_longlong.o)
    0x080004cc   0x080004cc   0x0000014c   Code   RO         1611    .text               mc_w.l(_scanf_int.o)
    0x08000618   0x08000618   0x000000e0   Code   RO         1613    .text               mc_w.l(_scanf_str.o)
    0x080006f8   0x080006f8   0x00000360   Code   RO         1615    .text               mc_w.l(scanf_fp.o)
    0x08000a58   0x08000a58   0x00000028   Code   RO         1619    .text               mc_w.l(scanf_char.o)
    0x08000a80   0x08000a80   0x00000040   Code   RO         1621    .text               mc_w.l(_sgetc.o)
    0x08000ac0   0x08000ac0   0x00000000   Code   RO         1623    .text               mc_w.l(iusefp.o)
    0x08000ac0   0x08000ac0   0x0000006e   Code   RO         1624    .text               mf_w.l(fepilogue.o)
    0x08000b2e   0x08000b2e   0x0000014e   Code   RO         1626    .text               mf_w.l(dadd.o)
    0x08000c7c   0x08000c7c   0x000000e4   Code   RO         1628    .text               mf_w.l(dmul.o)
    0x08000d60   0x08000d60   0x000000de   Code   RO         1630    .text               mf_w.l(ddiv.o)
    0x08000e3e   0x08000e3e   0x00000030   Code   RO         1632    .text               mf_w.l(dfixul.o)
    0x08000e6e   0x08000e6e   0x00000002   PAD
    0x08000e70   0x08000e70   0x00000030   Code   RO         1634    .text               mf_w.l(cdrcmple.o)
    0x08000ea0   0x08000ea0   0x00000024   Code   RO         1636    .text               mc_w.l(init.o)
    0x08000ec4   0x08000ec4   0x0000001e   Code   RO         1638    .text               mc_w.l(llshl.o)
    0x08000ee2   0x08000ee2   0x00000020   Code   RO         1640    .text               mc_w.l(llushr.o)
    0x08000f02   0x08000f02   0x00000024   Code   RO         1642    .text               mc_w.l(llsshr.o)
    0x08000f26   0x08000f26   0x0000000a   Code   RO         1644    .text               mc_w.l(isspace_c.o)
    0x08000f30   0x08000f30   0x0000001c   Code   RO         1646    .text               mc_w.l(_chval.o)
    0x08000f4c   0x08000f4c   0x0000032c   Code   RO         1648    .text               mc_w.l(_scanf.o)
    0x08001278   0x08001278   0x000000ba   Code   RO         1650    .text               mf_w.l(depilogue.o)
    0x08001332   0x08001332   0x00000018   Code   RO         1652    .text               mf_w.l(dfltul.o)
    0x0800134a   0x0800134a   0x00000038   Code   RO         1654    .text               mf_w.l(d2f.o)
    0x08001382   0x08001382   0x00000002   PAD
    0x08001384   0x08001384   0x00000028   Code   RO         1656    .text               mc_w.l(ctype_c.o)
    0x080013ac   0x080013ac   0x00000010   Code   RO           98    .text.BKP_DeInit    stm32f10x_bkp.o
    0x080013bc   0x080013bc   0x00000026   Code   RO          112    .text.BKP_ReadBackupRegister  stm32f10x_bkp.o
    0x080013e2   0x080013e2   0x00000002   PAD
    0x080013e4   0x080013e4   0x0000002e   Code   RO          110    .text.BKP_WriteBackupRegister  stm32f10x_bkp.o
    0x08001412   0x08001412   0x00000002   PAD
    0x08001414   0x08001414   0x00000004   Code   RO         1129    .text.BusFault_Handler  stm32f10x_it.o
    0x08001418   0x08001418   0x00000042   Code   RO         1290    .text.Column_Set_HV  ssd1306.o
    0x0800145a   0x0800145a   0x00000002   PAD
    0x0800145c   0x0800145c   0x0000002e   Code   RO          290    .text.DMA_Cmd       stm32f10x_dma.o
    0x0800148a   0x0800148a   0x00000002   PAD
    0x0800148c   0x0800148c   0x0000000e   Code   RO          296    .text.DMA_GetCurrDataCounter  stm32f10x_dma.o
    0x0800149a   0x0800149a   0x00000002   PAD
    0x0800149c   0x0800149c   0x0000006c   Code   RO          286    .text.DMA_Init      stm32f10x_dma.o
    0x08001508   0x08001508   0x00000014   Code   RO          294    .text.DMA_SetCurrDataCounter  stm32f10x_dma.o
    0x0800151c   0x0800151c   0x00000040   Code   RO         1444    .text.DUTY_100MS    schedule.o
    0x0800155c   0x0800155c   0x00000038   Code   RO         1440    .text.DUTY_10MS     schedule.o
    0x08001594   0x08001594   0x00000040   Code   RO         1448    .text.DUTY_1S       schedule.o
    0x080015d4   0x080015d4   0x00000038   Code   RO         1438    .text.DUTY_2MS      schedule.o
    0x0800160c   0x0800160c   0x000000d6   Code   RO         1446    .text.DUTY_500MS    schedule.o
    0x080016e2   0x080016e2   0x00000002   PAD
    0x080016e4   0x080016e4   0x00000038   Code   RO         1442    .text.DUTY_50MS     schedule.o
    0x0800171c   0x0800171c   0x0000003c   Code   RO         1450    .text.DUTY_5S       schedule.o
    0x08001758   0x08001758   0x00000002   Code   RO         1135    .text.DebugMon_Handler  stm32f10x_it.o
    0x0800175a   0x0800175a   0x00000002   PAD
    0x0800175c   0x0800175c   0x00000186   Code   RO          448    .text.GPIO_Init     stm32f10x_gpio.o
    0x080018e2   0x080018e2   0x00000002   PAD
    0x080018e4   0x080018e4   0x000000fa   Code   RO          474    .text.GPIO_PinRemapConfig  stm32f10x_gpio.o
    0x080019de   0x080019de   0x00000002   PAD
    0x080019e0   0x080019e0   0x00000034   Code   RO          452    .text.GPIO_ReadInputDataBit  stm32f10x_gpio.o
    0x08001a14   0x08001a14   0x00000014   Code   RO          462    .text.GPIO_ResetBits  stm32f10x_gpio.o
    0x08001a28   0x08001a28   0x00000014   Code   RO          460    .text.GPIO_SetBits  stm32f10x_gpio.o
    0x08001a3c   0x08001a3c   0x00000004   Code   RO         1125    .text.HardFault_Handler  stm32f10x_it.o
    0x08001a40   0x08001a40   0x00000018   Code   RO         1196    .text.IIC_DELAY     iic.o
    0x08001a58   0x08001a58   0x00000018   Code   RO         1198    .text.IIC_HALF_DELAY  iic.o
    0x08001a70   0x08001a70   0x00000028   Code   RO         1194    .text.IIC_IN        iic.o
    0x08001a98   0x08001a98   0x00000026   Code   RO         1192    .text.IIC_OUT       iic.o
    0x08001abe   0x08001abe   0x00000002   PAD
    0x08001ac0   0x08001ac0   0x000000a8   Code   RO         1210    .text.IIC_SEND_BYTE  iic.o
    0x08001b68   0x08001b68   0x00000050   Code   RO         1202    .text.IIC_START     iic.o
    0x08001bb8   0x08001bb8   0x00000050   Code   RO         1190    .text.IIC_STOP      iic.o
    0x08001c08   0x08001c08   0x00000018   Code   RO         1200    .text.IIC_Set_Delay_Us  iic.o
    0x08001c20   0x08001c20   0x00000096   Code   RO         1208    .text.IIC_WAIT_ACK  iic.o
    0x08001cb6   0x08001cb6   0x00000002   PAD
    0x08001cb8   0x08001cb8   0x000000a6   Code   RO         1479    .text.Is_Leap_Year  rtc.o
    0x08001d5e   0x08001d5e   0x00000002   PAD
    0x08001d60   0x08001d60   0x00000004   Code   RO         1127    .text.MemManage_Handler  stm32f10x_it.o
    0x08001d64   0x08001d64   0x00000002   Code   RO         1123    .text.NMI_Handler   stm32f10x_it.o
    0x08001d66   0x08001d66   0x00000002   PAD
    0x08001d68   0x08001d68   0x000000aa   Code   RO            4    .text.NVIC_Init     misc.o
    0x08001e12   0x08001e12   0x00000002   PAD
    0x08001e14   0x08001e14   0x0000001c   Code   RO            2    .text.NVIC_PriorityGroupConfig  misc.o
    0x08001e30   0x08001e30   0x0000013c   Code   RO         1266    .text.OLED_GDrawBitmap  ssd1306.o
    0x08001f6c   0x08001f6c   0x00000172   Code   RO         1270    .text.OLED_GDrawChar  ssd1306.o
    0x080020de   0x080020de   0x00000002   PAD
    0x080020e0   0x080020e0   0x0000005e   Code   RO         1232    .text.OLED_GReset   ssd1306.o
    0x0800213e   0x0800213e   0x00000002   PAD
    0x08002140   0x08002140   0x00000050   Code   RO         1260    .text.OLED_GResetP  ssd1306.o
    0x08002190   0x08002190   0x00000044   Code   RO         1268    .text.OLED_GSetByte  ssd1306.o
    0x080021d4   0x080021d4   0x00000050   Code   RO         1262    .text.OLED_GSetP    ssd1306.o
    0x08002224   0x08002224   0x0000003a   Code   RO         1242    .text.OLED_SendCmd  ssd1306.o
    0x0800225e   0x0800225e   0x00000002   PAD
    0x08002260   0x08002260   0x00000056   Code   RO         1238    .text.OLED_SendCmdCo  ssd1306.o
    0x080022b6   0x080022b6   0x00000002   PAD
    0x080022b8   0x080022b8   0x00000056   Code   RO         1294    .text.OLED_SendDataCo  ssd1306.o
    0x0800230e   0x0800230e   0x00000002   PAD
    0x08002310   0x08002310   0x0000001a   Code   RO         1288    .text.OLED_Set_MemAddrMode  ssd1306.o
    0x0800232a   0x0800232a   0x00000002   PAD
    0x0800232c   0x0800232c   0x00000016   Code   RO          581    .text.PWR_BackupAccessCmd  stm32f10x_pwr.o
    0x08002342   0x08002342   0x00000002   PAD
    0x08002344   0x08002344   0x00000042   Code   RO         1292    .text.Page_Set_HV   ssd1306.o
    0x08002386   0x08002386   0x00000002   PAD
    0x08002388   0x08002388   0x00000002   Code   RO         1137    .text.PendSV_Handler  stm32f10x_it.o
    0x0800238a   0x0800238a   0x00000002   PAD
    0x0800238c   0x0800238c   0x00000038   Code   RO          650    .text.RCC_AHBPeriphClockCmd  stm32f10x_rcc.o
    0x080023c4   0x080023c4   0x00000038   Code   RO          654    .text.RCC_APB1PeriphClockCmd  stm32f10x_rcc.o
    0x080023fc   0x080023fc   0x00000038   Code   RO          658    .text.RCC_APB1PeriphResetCmd  stm32f10x_rcc.o
    0x08002434   0x08002434   0x00000038   Code   RO          652    .text.RCC_APB2PeriphClockCmd  stm32f10x_rcc.o
    0x0800246c   0x0800246c   0x00000038   Code   RO          656    .text.RCC_APB2PeriphResetCmd  stm32f10x_rcc.o
    0x080024a4   0x080024a4   0x00000018   Code   RO          660    .text.RCC_BackupResetCmd  stm32f10x_rcc.o
    0x080024bc   0x080024bc   0x00000012   Code   RO          666    .text.RCC_ClearFlag  stm32f10x_rcc.o
    0x080024ce   0x080024ce   0x00000002   PAD
    0x080024d0   0x080024d0   0x00000172   Code   RO          648    .text.RCC_GetClocksFreq  stm32f10x_rcc.o
    0x08002642   0x08002642   0x00000002   PAD
    0x08002644   0x08002644   0x00000082   Code   RO          614    .text.RCC_GetFlagStatus  stm32f10x_rcc.o
    0x080026c6   0x080026c6   0x00000002   PAD
    0x080026c8   0x080026c8   0x0000004c   Code   RO          640    .text.RCC_LSEConfig  stm32f10x_rcc.o
    0x08002714   0x08002714   0x00000018   Code   RO          646    .text.RCC_RTCCLKCmd  stm32f10x_rcc.o
    0x0800272c   0x0800272c   0x00000018   Code   RO          644    .text.RCC_RTCCLKConfig  stm32f10x_rcc.o
    0x08002744   0x08002744   0x0000001c   Code   RO          707    .text.RTC_ClearITPendingBit  stm32f10x_rtc.o
    0x08002760   0x08002760   0x00000012   Code   RO          683    .text.RTC_EnterConfigMode  stm32f10x_rtc.o
    0x08002772   0x08002772   0x00000002   PAD
    0x08002774   0x08002774   0x00000012   Code   RO          685    .text.RTC_ExitConfigMode  stm32f10x_rtc.o
    0x08002786   0x08002786   0x00000002   PAD
    0x08002788   0x08002788   0x000001a4   Code   RO         1481    .text.RTC_GetCalendar  rtc.o
    0x0800292c   0x0800292c   0x0000006c   Code   RO          687    .text.RTC_GetCounter  stm32f10x_rtc.o
    0x08002998   0x08002998   0x00000056   Code   RO          705    .text.RTC_GetITStatus  stm32f10x_rtc.o
    0x080029ee   0x080029ee   0x00000002   PAD
    0x080029f0   0x080029f0   0x000000c0   Code   RO         1483    .text.RTC_GetWeek   rtc.o
    0x08002ab0   0x08002ab0   0x00000030   Code   RO         1475    .text.RTC_IRQHandler  rtc.o
    0x08002ae0   0x08002ae0   0x0000003e   Code   RO          681    .text.RTC_ITConfig  stm32f10x_rtc.o
    0x08002b1e   0x08002b1e   0x00000002   PAD
    0x08002b20   0x08002b20   0x0000002c   Code   RO          689    .text.RTC_SetCounter  stm32f10x_rtc.o
    0x08002b4c   0x08002b4c   0x0000002e   Code   RO          691    .text.RTC_SetPrescaler  stm32f10x_rtc.o
    0x08002b7a   0x08002b7a   0x00000002   PAD
    0x08002b7c   0x08002b7c   0x00000018   Code   RO         1477    .text.RTC_UpdateTime  rtc.o
    0x08002b94   0x08002b94   0x00000018   Code   RO          697    .text.RTC_WaitForLastTask  stm32f10x_rtc.o
    0x08002bac   0x08002bac   0x00000028   Code   RO          699    .text.RTC_WaitForSynchro  stm32f10x_rtc.o
    0x08002bd4   0x08002bd4   0x0000006c   Code   RO         1469    .text.RTC_config    rtc.o
    0x08002c40   0x08002c40   0x00000026   Code   RO         1471    .text.RTC_set       rtc.o
    0x08002c66   0x08002c66   0x00000002   PAD
    0x08002c68   0x08002c68   0x00000002   Code   RO         1133    .text.SVC_Handler   stm32f10x_it.o
    0x08002c6a   0x08002c6a   0x00000002   PAD
    0x08002c6c   0x08002c6c   0x00000008   Code   RO         1150    .text.SetSysClock   system_stm32f10x.o
    0x08002c74   0x08002c74   0x00000122   Code   RO         1154    .text.SetSysClockTo72  system_stm32f10x.o
    0x08002d96   0x08002d96   0x00000002   PAD
    0x08002d98   0x08002d98   0x00000034   Code   RO           10    .text.SysTick_CLKSourceConfig  misc.o
    0x08002dcc   0x08002dcc   0x00000002   Code   RO         1139    .text.SysTick_Handler  stm32f10x_it.o
    0x08002dce   0x08002dce   0x00000002   PAD
    0x08002dd0   0x08002dd0   0x00000066   Code   RO         1148    .text.SystemInit    system_stm32f10x.o
    0x08002e36   0x08002e36   0x00000002   PAD
    0x08002e38   0x08002e38   0x00000104   Code   RO          850    .text.TI1_Config    stm32f10x_tim.o
    0x08002f3c   0x08002f3c   0x0000011e   Code   RO          854    .text.TI2_Config    stm32f10x_tim.o
    0x0800305a   0x0800305a   0x00000002   PAD
    0x0800305c   0x0800305c   0x00000112   Code   RO          858    .text.TI3_Config    stm32f10x_tim.o
    0x0800316e   0x0800316e   0x00000002   PAD
    0x08003170   0x08003170   0x00000120   Code   RO          862    .text.TI4_Config    stm32f10x_tim.o
    0x08003290   0x08003290   0x00000062   Code   RO         1361    .text.TIM2_IRQHandler  timer.o
    0x080032f2   0x080032f2   0x00000002   PAD
    0x080032f4   0x080032f4   0x0000012e   Code   RO         1409    .text.TIM4_IRQHandler  distance.o
    0x08003422   0x08003422   0x00000002   PAD
    0x08003424   0x08003424   0x00000016   Code   RO         1016    .text.TIM_ClearITPendingBit  stm32f10x_tim.o
    0x0800343a   0x0800343a   0x00000002   PAD
    0x0800343c   0x0800343c   0x0000002c   Code   RO          878    .text.TIM_Cmd       stm32f10x_tim.o
    0x08003468   0x08003468   0x00000034   Code   RO          888    .text.TIM_DMACmd    stm32f10x_tim.o
    0x0800349c   0x0800349c   0x0000029a   Code   RO          836    .text.TIM_DeInit    stm32f10x_tim.o
    0x08003736   0x08003736   0x00000002   PAD
    0x08003738   0x08003738   0x0000000c   Code   RO          998    .text.TIM_GetCapture1  stm32f10x_tim.o
    0x08003744   0x08003744   0x0000005a   Code   RO         1014    .text.TIM_GetITStatus  stm32f10x_tim.o
    0x0800379e   0x0800379e   0x00000002   PAD
    0x080037a0   0x080037a0   0x000000f2   Code   RO          848    .text.TIM_ICInit    stm32f10x_tim.o
    0x08003892   0x08003892   0x00000002   PAD
    0x08003894   0x08003894   0x00000034   Code   RO          882    .text.TIM_ITConfig  stm32f10x_tim.o
    0x080038c8   0x080038c8   0x0000003c   Code   RO          950    .text.TIM_OC1PolarityConfig  stm32f10x_tim.o
    0x08003904   0x08003904   0x000000ee   Code   RO          846    .text.TIM_OC4Init   stm32f10x_tim.o
    0x080039f2   0x080039f2   0x00000002   PAD
    0x080039f4   0x080039f4   0x0000003e   Code   RO          932    .text.TIM_OC4PreloadConfig  stm32f10x_tim.o
    0x08003a32   0x08003a32   0x00000002   PAD
    0x08003a34   0x08003a34   0x00000016   Code   RO          994    .text.TIM_SetCompare4  stm32f10x_tim.o
    0x08003a4a   0x08003a4a   0x00000002   PAD
    0x08003a4c   0x08003a4c   0x00000014   Code   RO          984    .text.TIM_SetCounter  stm32f10x_tim.o
    0x08003a60   0x08003a60   0x00000022   Code   RO          852    .text.TIM_SetIC1Prescaler  stm32f10x_tim.o
    0x08003a82   0x08003a82   0x00000002   PAD
    0x08003a84   0x08003a84   0x00000024   Code   RO          856    .text.TIM_SetIC2Prescaler  stm32f10x_tim.o
    0x08003aa8   0x08003aa8   0x00000022   Code   RO          860    .text.TIM_SetIC3Prescaler  stm32f10x_tim.o
    0x08003aca   0x08003aca   0x00000002   PAD
    0x08003acc   0x08003acc   0x00000024   Code   RO          864    .text.TIM_SetIC4Prescaler  stm32f10x_tim.o
    0x08003af0   0x08003af0   0x00000142   Code   RO          838    .text.TIM_TimeBaseInit  stm32f10x_tim.o
    0x08003c32   0x08003c32   0x00000002   PAD
    0x08003c34   0x08003c34   0x000000ea   Code   RO         1339    .text.USART1_IRQHandler  usart.o
    0x08003d1e   0x08003d1e   0x00000002   PAD
    0x08003d20   0x08003d20   0x0000005a   Code   RO         1343    .text.USART1_SendStr  usart.o
    0x08003d7a   0x08003d7a   0x00000002   PAD
    0x08003d7c   0x08003d7c   0x00000038   Code   RO         1341    .text.USART2_IRQHandler  usart.o
    0x08003db4   0x08003db4   0x00000044   Code   RO         1081    .text.USART_ClearITPendingBit  stm32f10x_usart.o
    0x08003df8   0x08003df8   0x0000002c   Code   RO         1035    .text.USART_Cmd     stm32f10x_usart.o
    0x08003e24   0x08003e24   0x000000d0   Code   RO         1025    .text.USART_DeInit  stm32f10x_usart.o
    0x08003ef4   0x08003ef4   0x00000044   Code   RO         1075    .text.USART_GetFlagStatus  stm32f10x_usart.o
    0x08003f38   0x08003f38   0x000000b0   Code   RO         1079    .text.USART_GetITStatus  stm32f10x_usart.o
    0x08003fe8   0x08003fe8   0x00000092   Code   RO         1037    .text.USART_ITConfig  stm32f10x_usart.o
    0x0800407a   0x0800407a   0x00000002   PAD
    0x0800407c   0x0800407c   0x0000015c   Code   RO         1027    .text.USART_Init    stm32f10x_usart.o
    0x080041d8   0x080041d8   0x00000010   Code   RO         1053    .text.USART_ReceiveData  stm32f10x_usart.o
    0x080041e8   0x080041e8   0x00000018   Code   RO         1051    .text.USART_SendData  stm32f10x_usart.o
    0x08004200   0x08004200   0x00000004   Code   RO         1131    .text.UsageFault_Handler  stm32f10x_it.o
    0x08004204   0x08004204   0x00000018   Code   RO         1373    .text.WS2812B_Reset  led.o
    0x0800421c   0x0800421c   0x000000a2   Code   RO         1377    .text.WS2812B_Show  led.o
    0x080042be   0x080042be   0x00000002   PAD
    0x080042c0   0x080042c0   0x000000e6   Code   RO         1375    .text.WS2812B_Write_24Bits  led.o
    0x080043a6   0x080043a6   0x00000002   PAD
    0x080043a8   0x080043a8   0x00000012   Code   RO         1428    .text.beep_off      control.o
    0x080043ba   0x080043ba   0x00000002   PAD
    0x080043bc   0x080043bc   0x00000012   Code   RO         1426    .text.beep_on       control.o
    0x080043ce   0x080043ce   0x00000002   PAD
    0x080043d0   0x080043d0   0x000000a0   Code   RO         1512    .text.botton_init   botton.o
    0x08004470   0x08004470   0x000004be   Code   RO         1514    .text.botton_scan   botton.o
    0x0800492e   0x0800492e   0x00000002   PAD
    0x08004930   0x08004930   0x00000040   Code   RO         1165    .text.delay_init    delay.o
    0x08004970   0x08004970   0x00000090   Code   RO         1169    .text.delay_ms      delay.o
    0x08004a00   0x08004a00   0x0000008c   Code   RO         1167    .text.delay_us      delay.o
    0x08004a8c   0x08004a8c   0x000000b6   Code   RO         1407    .text.distance_get  distance.o
    0x08004b42   0x08004b42   0x00000002   PAD
    0x08004b44   0x08004b44   0x000000d8   Code   RO         1405    .text.distance_init  distance.o
    0x08004c1c   0x08004c1c   0x0000007a   Code   RO         1188    .text.iic_init      iic.o
    0x08004c96   0x08004c96   0x00000002   PAD
    0x08004c98   0x08004c98   0x0000000c   Code   RO         1324    .text.io_init       gpio.o
    0x08004ca4   0x08004ca4   0x0000038e   Code   RO         1499    .text.led_main_interface  interface.o
    0x08005032   0x08005032   0x00000002   PAD
    0x08005034   0x08005034   0x00000076   Code   RO         1424    .text.led_msg_download  control.o
    0x080050aa   0x080050aa   0x00000002   PAD
    0x080050ac   0x080050ac   0x0000004a   Code   RO         1422    .text.led_msg_upload  control.o
    0x080050f6   0x080050f6   0x00000002   PAD
    0x080050f8   0x080050f8   0x00000190   Code   RO         1497    .text.led_set_interface  interface.o
    0x08005288   0x08005288   0x00000064   Code   RO         1113    .text.main          main.o
    0x080052ec   0x080052ec   0x00000030   Code   RO         1246    .text.oled_display  ssd1306.o
    0x0800531c   0x0800531c   0x000000a8   Code   RO         1272    .text.oled_drawstring  ssd1306.o
    0x080053c4   0x080053c4   0x00000026   Code   RO         1236    .text.oled_init     ssd1306.o
    0x080053ea   0x080053ea   0x00000002   PAD
    0x080053ec   0x080053ec   0x00000032   Code   RO         1501    .text.oled_interface  interface.o
    0x0800541e   0x0800541e   0x00000002   PAD
    0x08005420   0x08005420   0x0000007a   Code   RO         1473    .text.rtc_init      rtc.o
    0x0800549a   0x0800549a   0x00000002   PAD
    0x0800549c   0x0800549c   0x00000020   Code   RO         1452    .text.schedule_task  schedule.o
    0x080054bc   0x080054bc   0x0000009e   Code   RO         1420    .text.smart_led_control_init  control.o
    0x0800555a   0x0800555a   0x00000002   PAD
    0x0800555c   0x0800555c   0x0000006a   Code   RO         1359    .text.time_init     timer.o
    0x080055c6   0x080055c6   0x00000002   PAD
    0x080055c8   0x080055c8   0x000000c4   Code   RO         1335    .text.usart1_init   usart.o
    0x0800568c   0x0800568c   0x000000f4   Code   RO         1371    .text.ws2812b_init  led.o
    0x08005780   0x08005780   0x00000352   Code   RO         1379    .text.ws2812b_status  led.o
    0x08005ad2   0x08005ad2   0x00000002   PAD
    0x08005ad4   0x08005ad4   0x00000028   Code   RO         1538    i.__0sprintf        mc_w.l(printfa.o)
    0x08005afc   0x08005afc   0x0000000e   Code   RO         1661    i.__scatterload_copy  mc_w.l(handlers.o)
    0x08005b0a   0x08005b0a   0x00000002   Code   RO         1662    i.__scatterload_null  mc_w.l(handlers.o)
    0x08005b0c   0x08005b0c   0x0000000e   Code   RO         1663    i.__scatterload_zeroinit  mc_w.l(handlers.o)
    0x08005b1a   0x08005b1a   0x00000002   PAD
    0x08005b1c   0x08005b1c   0x00000184   Code   RO         1543    i._fp_digits        mc_w.l(printfa.o)
    0x08005ca0   0x08005ca0   0x0000000e   Code   RO         1617    i._is_digit         mc_w.l(scanf_fp.o)
    0x08005cae   0x08005cae   0x00000002   PAD
    0x08005cb0   0x08005cb0   0x000006dc   Code   RO         1544    i._printf_core      mc_w.l(printfa.o)
    0x0800638c   0x0800638c   0x00000024   Code   RO         1545    i._printf_post_padding  mc_w.l(printfa.o)
    0x080063b0   0x080063b0   0x0000002e   Code   RO         1546    i._printf_pre_padding  mc_w.l(printfa.o)
    0x080063de   0x080063de   0x0000000a   Code   RO         1548    i._sputc            mc_w.l(printfa.o)
    0x080063e8   0x080063e8   0x00000040   Data   RO         1657    .constdata          mc_w.l(ctype_c.o)
    0x08006428   0x08006428   0x00000004   Data   RO          673    .rodata.ADCPrescTable  stm32f10x_rcc.o
    0x0800642c   0x0800642c   0x00000010   Data   RO          672    .rodata.APBAHBPrescTable  stm32f10x_rcc.o
    0x0800643c   0x0800643c   0x00000019   Data   RO         1315    .rodata.OLED_InitCmd  ssd1306.o
    0x08006455   0x08006455   0x00000532   Data   RO         1180    .rodata.ascii       fonts.o
    0x08006987   0x08006987   0x00000348   Data   RO         1182    .rodata.ch          fonts.o
    0x08006ccf   0x08006ccf   0x0000000c   Data   RO         1487    .rodata.month_table  rtc.o
    0x08006cdb   0x08006cdb   0x00000027   Data   RO         1430    .rodata.str1.1      control.o
    0x08006d02   0x08006d02   0x00000034   Data   RO         1504    .rodata.str1.1      interface.o
    0x08006d36   0x08006d36   0x0000000c   Data   RO         1488    .rodata.week_table  rtc.o
    0x08006d42   0x08006d42   0x00000002   PAD
    0x08006d44   0x08006d44   0x00000020   Data   RO         1660    Region$$Table       anon$$obj.o


    Execution Region RW_IRAM1 (Exec base: 0x20000000, Load base: 0x08006d68, Size: 0x00004cd8, Max: 0x00005000, ABSOLUTE)

    Exec Addr    Load Addr    Size         Type   Attr      Idx    E Section Name        Object

    0x20000000   0x08006d68   0x00000001   Data   RW         1223    .data.IIC_DELAY_US  iic.o
    0x20000001   0x08006d69   0x00000003   PAD
    0x20000004   0x08006d6c   0x00000004   Data   RW         1156    .data.SystemCoreClock  system_stm32f10x.o
    0x20000008        -       0x00000004   Zero   RW         1457    .bss.DUTY_100MS.lms  schedule.o
    0x2000000c        -       0x00000004   Zero   RW         1455    .bss.DUTY_10MS.lms  schedule.o
    0x20000010        -       0x00000004   Zero   RW         1460    .bss.DUTY_1S.lms    schedule.o
    0x20000014        -       0x00000004   Zero   RW         1454    .bss.DUTY_2MS.lms   schedule.o
    0x20000018        -       0x00000004   Zero   RW         1458    .bss.DUTY_500MS.lms  schedule.o
    0x2000001c        -       0x00000001   Zero   RW         1459    .bss.DUTY_500MS.unhealth  schedule.o
    0x2000001d   0x08006d70   0x00000003   PAD
    0x20000020        -       0x00000004   Zero   RW         1456    .bss.DUTY_50MS.lms  schedule.o
    0x20000024        -       0x00000004   Zero   RW         1461    .bss.DUTY_5S.lms    schedule.o
    0x20000028        -       0x00000400   Zero   RW         1314    .bss.GDDRAM         ssd1306.o
    0x20000428        -       0x0000024a   Zero   RW         1381    .bss.LED_Buffer     led.o
    0x20000672        -       0x00000002   Zero   RW         1489    .bss.RTC_GetCalendar.daycount  rtc.o
    0x20000674        -       0x00000001   Zero   RW         1411    .bss.TIM_CAPTURE_STA  distance.o
    0x20000675   0x08006d70   0x00000001   PAD
    0x20000676        -       0x00000002   Zero   RW         1412    .bss.TIM_CAPTURE_VAL  distance.o
    0x20000678        -       0x00000014   Zero   RW         1516    .bss.botton_scan.high_cnt  botton.o
    0x2000068c        -       0x00000200   Zero   RW         1503    .bss.display_array  interface.o
    0x2000088c        -       0x00000002   Zero   RW         1172    .bss.fac_ms         delay.o
    0x2000088e        -       0x00000001   Zero   RW         1171    .bss.fac_us         delay.o
    0x2000088f        -       0x00000001   Zero   RW         1222    .bss.iic_init.isInit  iic.o
    0x20000890        -       0x00000001   Zero   RW         1316    .bss.isInit         ssd1306.o
    0x20000891   0x08006d70   0x00000003   PAD
    0x20000894        -       0x0000043c   Zero   RW         1115    .bss.led            main.o
    0x20000cd0        -       0x00000004   Zero   RW         1363    .bss.lms            timer.o
    0x20000cd4        -       0x00000001   Zero   RW         1351    .bss.temp           usart.o
    0x20000cd5   0x08006d70   0x00000001   PAD
    0x20000cd6        -       0x00000002   Zero   RW         1382    .bss.ws2812b_status.offset  led.o
    0x20000cd8        -       0x00004000   Zero   RW         1523    STACK               startup_stm32f10x_md.o


==============================================================================

Image component sizes


      Code (inc. data)   RO Data    RW Data    ZI Data      Debug   Object Name

      1374          0          0          0         20       2329   botton.o
       386          0         39          0          0       2205   control.o
       348          0          0          0          3       1414   delay.o
       700          0          0          0          3       4804   distance.o
         0          0       2170          0          0        487   fonts.o
        12          0          0          0          0        616   gpio.o
       750          0          0          1          1       4184   iic.o
      1360          0         52          0        512       1165   interface.o
      1510          0          0          0        588       5057   led.o
       100          0          0          0       1084       1647   main.o
       250          0          0          0          0       2990   misc.o
      1118          0         24          0          2       4684   rtc.o
       602          0          0          0         29       1840   schedule.o
      1650          0         25          0       1025       9338   ssd1306.o
        36          8        236          0      16384        920   startup_stm32f10x_md.o
       100          0          0          0          0       4438   stm32f10x_bkp.o
       188          0          0          0          0       3698   stm32f10x_dma.o
       732          0          0          0          0       5522   stm32f10x_gpio.o
        26          0          0          0          0       1001   stm32f10x_it.o
        22          0          0          0          0       2944   stm32f10x_pwr.o
       946          0         20          0          0       6841   stm32f10x_rcc.o
       474          0          0          0          0       3349   stm32f10x_rtc.o
      3152          0          0          0          0      20154   stm32f10x_tim.o
      1098          0          0          0          0       7314   stm32f10x_usart.o
       400          0          0          4          0       2725   system_stm32f10x.o
       204          0          0          0          4       3516   timer.o
       576          0          0          0          1       5215   usart.o

    ----------------------------------------------------------------------
     18252          8       2600          8      19664     110397   Object Totals
         0          0         32          0          0          0   (incl. Generated)
       138          0          2          3          8          0   (incl. Padding)

    ----------------------------------------------------------------------

      Code (inc. data)   RO Data    RW Data    ZI Data      Debug   Library Member Name

        28          0          0          0          0         68   _chval.o
       812          4          0          0          0        112   _scanf.o
       332          0          0          0          0         96   _scanf_int.o
       342          0          0          0          0        100   _scanf_longlong.o
       224          0          0          0          0         96   _scanf_str.o
        64          0          0          0          0         84   _sgetc.o
        40          6         64          0          0         68   ctype_c.o
         0          0          0          0          0          0   entry.o
         0          0          0          0          0          0   entry10a.o
         0          0          0          0          0          0   entry11a.o
         8          4          0          0          0          0   entry2.o
         4          0          0          0          0          0   entry5.o
         0          0          0          0          0          0   entry7b.o
         0          0          0          0          0          0   entry8b.o
         8          4          0          0          0          0   entry9a.o
        30          0          0          0          0          0   handlers.o
        36          8          0          0          0         68   init.o
        10          0          0          0          0         68   isspace_c.o
         0          0          0          0          0          0   iusefp.o
        30          0          0          0          0         68   llshl.o
        36          0          0          0          0         68   llsshr.o
        32          0          0          0          0         68   llushr.o
      2276         86          0          0          0        520   printfa.o
        40          8          0          0          0         84   scanf_char.o
       878         12          0          0          0        216   scanf_fp.o
        56          8          0          0          0         84   sscanf.o
        44          0          0          0          0         80   uidiv.o
        98          0          0          0          0         92   uldiv.o
        48          0          0          0          0         68   cdrcmple.o
        56          0          0          0          0         88   d2f.o
       334          0          0          0          0        148   dadd.o
       222          0          0          0          0        100   ddiv.o
       186          0          0          0          0        176   depilogue.o
        48          0          0          0          0         68   dfixul.o
        24          0          0          0          0         76   dfltul.o
       228          0          0          0          0         96   dmul.o
        38          0          0          0          0         68   f2d.o
        28          0          0          0          0         68   fcmpge.o
        28          0          0          0          0         68   fcmplt.o
       124          0          0          0          0         88   fdiv.o
       110          0          0          0          0        168   fepilogue.o
        50          0          0          0          0         68   ffixi.o
        18          0          0          0          0         68   fflti.o
        10          0          0          0          0         68   ffltui.o
       100          0          0          0          0         76   fmul.o

    ----------------------------------------------------------------------
      7088        140         64          0          0       3600   Library Totals
         8          0          0          0          0          0   (incl. Padding)

    ----------------------------------------------------------------------

      Code (inc. data)   RO Data    RW Data    ZI Data      Debug   Library Name

      5428        140         64          0          0       2040   mc_w.l
      1652          0          0          0          0       1560   mf_w.l

    ----------------------------------------------------------------------
      7088        140         64          0          0       3600   Library Totals

    ----------------------------------------------------------------------

==============================================================================


      Code (inc. data)   RO Data    RW Data    ZI Data      Debug   

     25340        148       2664          8      19664     111693   Grand Totals
     25340        148       2664          8      19664     111693   ELF Image Totals
     25340        148       2664          8          0          0   ROM Totals

==============================================================================

    Total RO  Size (Code + RO Data)                28004 (  27.35kB)
    Total RW  Size (RW Data + ZI Data)             19672 (  19.21kB)
    Total ROM Size (Code + RO Data + RW Data)      28012 (  27.36kB)

==============================================================================

